
==========================================================================
detailed place report_tns
--------------------------------------------------------------------------
tns 0.00

==========================================================================
detailed place report_wns
--------------------------------------------------------------------------
wns 0.00

==========================================================================
detailed place report_worst_slack
--------------------------------------------------------------------------
worst slack 0.30

==========================================================================
detailed place report_checks -path_delay min
--------------------------------------------------------------------------
Startpoint: g_row[0].g_col[2].mult.stage1.sign$_DFF_PN0_
            (rising edge-triggered flip-flop clocked by clk)
Endpoint: g_row[0].g_col[2].mult.x[15]$_DFF_PN0_
          (rising edge-triggered flip-flop clocked by clk)
Path Group: clk
Path Type: min

Fanout     Cap    Slew   Delay    Time   Description
-----------------------------------------------------------------------------
                  0.00    0.00    0.00   clock clk (rise edge)
                          0.15    0.15   clock network delay (ideal)
                  0.00    0.00    0.15 ^ g_row[0].g_col[2].mult.stage1.sign$_DFF_PN0_/CK (DFFR_X1)
     1    1.26    0.01    0.08    0.23 v g_row[0].g_col[2].mult.stage1.sign$_DFF_PN0_/Q (DFFR_X1)
                                         g_row[0].g_col[2].mult.sign (net)
                  0.01    0.00    0.23 v g_row[0].g_col[2].mult.x[15]$_DFF_PN0_/D (DFFR_X1)
                                  0.23   data arrival time

                  0.00    0.00    0.00   clock clk (rise edge)
                          0.15    0.15   clock network delay (ideal)
                          0.01    0.17   clock uncertainty
                          0.00    0.17   clock reconvergence pessimism
                                  0.17 ^ g_row[0].g_col[2].mult.x[15]$_DFF_PN0_/CK (DFFR_X1)
                          0.00    0.17   library hold time
                                  0.17   data required time
-----------------------------------------------------------------------------
                                  0.17   data required time
                                 -0.23   data arrival time
-----------------------------------------------------------------------------
                                  0.07   slack (MET)



==========================================================================
detailed place report_checks -path_delay max
--------------------------------------------------------------------------
Startpoint: rst (input port clocked by clk)
Endpoint: g_row[1].g_col[2].mult.stage1.t2[14]$_DFF_PN0_
          (recovery check against rising-edge clock clk)
Path Group: asynchronous
Path Type: max

Fanout     Cap    Slew   Delay    Time   Description
-----------------------------------------------------------------------------
                  0.00    0.00    0.00   clock clk (rise edge)
                          0.15    0.15   clock network delay (ideal)
                          0.15    0.30 ^ input external delay
     1   27.02    0.00    0.00    0.30 ^ rst (in)
                                         rst (net)
                  0.00    0.00    0.30 ^ input276/A (BUF_X32)
   117  308.55    0.01    0.02    0.32 ^ input276/Z (BUF_X32)
                                         net276 (net)
                  0.01    0.01    0.33 ^ max_length351/A (BUF_X32)
   163  402.77    0.01    0.02    0.35 ^ max_length351/Z (BUF_X32)
                                         net351 (net)
                  0.11    0.09    0.44 ^ max_length347/A (BUF_X32)
   137  340.39    0.01    0.04    0.47 ^ max_length347/Z (BUF_X32)
                                         net347 (net)
                  0.11    0.09    0.57 ^ max_length346/A (BUF_X32)
   202  441.46    0.02    0.04    0.60 ^ max_length346/Z (BUF_X32)
                                         net346 (net)
                  0.10    0.08    0.68 ^ g_row[1].g_col[2].mult.stage1.t2[14]$_DFF_PN0_/RN (DFFR_X1)
                                  0.68   data arrival time

                  0.00    3.00    3.00   clock clk (rise edge)
                          0.15    3.15   clock network delay (ideal)
                         -0.01    3.13   clock uncertainty
                          0.00    3.13   clock reconvergence pessimism
                                  3.13 ^ g_row[1].g_col[2].mult.stage1.t2[14]$_DFF_PN0_/CK (DFFR_X1)
                          0.04    3.17   library recovery time
                                  3.17   data required time
-----------------------------------------------------------------------------
                                  3.17   data required time
                                 -0.68   data arrival time
-----------------------------------------------------------------------------
                                  2.49   slack (MET)


Startpoint: g_row[2].g_col[1].mult.x[12]$_DFF_PN0_
            (rising edge-triggered flip-flop clocked by clk)
Endpoint: g_reduce0[8].adder.x[14]$_DFF_PN0_
          (rising edge-triggered flip-flop clocked by clk)
Path Group: clk
Path Type: max

Fanout     Cap    Slew   Delay    Time   Description
-----------------------------------------------------------------------------
                  0.00    0.00    0.00   clock clk (rise edge)
                          0.15    0.15   clock network delay (ideal)
                  0.00    0.00    0.15 ^ g_row[2].g_col[1].mult.x[12]$_DFF_PN0_/CK (DFFR_X2)
     6   16.93    0.02    0.14    0.29 ^ g_row[2].g_col[1].mult.x[12]$_DFF_PN0_/Q (DFFR_X2)
                                         g_reduce0[8].adder.b[12] (net)
                  0.02    0.00    0.29 ^ _41796_/A (HA_X1)
     1    1.77    0.02    0.05    0.34 ^ _41796_/S (HA_X1)
                                         _21852_ (net)
                  0.02    0.00    0.34 ^ _26485_/A (CLKBUF_X3)
     7   23.25    0.02    0.05    0.39 ^ _26485_/Z (CLKBUF_X3)
                                         _03197_ (net)
                  0.02    0.00    0.39 ^ _26513_/A3 (NAND4_X2)
     1    6.13    0.02    0.04    0.43 v _26513_/ZN (NAND4_X2)
                                         _03225_ (net)
                  0.02    0.00    0.43 v _26514_/A4 (NOR4_X4)
     2    7.70    0.05    0.09    0.52 ^ _26514_/ZN (NOR4_X4)
                                         _03226_ (net)
                  0.05    0.00    0.52 ^ _26527_/A2 (AND2_X1)
     1    3.52    0.01    0.05    0.57 ^ _26527_/ZN (AND2_X1)
                                         _03238_ (net)
                  0.01    0.00    0.57 ^ _26528_/A (BUF_X4)
     9   24.57    0.02    0.03    0.60 ^ _26528_/Z (BUF_X4)
                                         _03239_ (net)
                  0.02    0.00    0.60 ^ _26529_/A2 (NOR2_X4)
    10   21.89    0.01    0.02    0.62 v _26529_/ZN (NOR2_X4)
                                         _03240_ (net)
                  0.01    0.00    0.62 v _26562_/A (CLKBUF_X3)
    10   18.92    0.02    0.05    0.67 v _26562_/Z (CLKBUF_X3)
                                         _03272_ (net)
                  0.02    0.00    0.67 v _38980_/A (CLKBUF_X3)
    10   18.44    0.02    0.05    0.72 v _38980_/Z (CLKBUF_X3)
                                         _12020_ (net)
                  0.02    0.00    0.72 v _39226_/A3 (NOR3_X1)
     1    1.88    0.03    0.05    0.77 ^ _39226_/ZN (NOR3_X1)
                                         _12119_ (net)
                  0.03    0.00    0.77 ^ _39227_/A (AOI21_X1)
     1    3.49    0.01    0.02    0.79 v _39227_/ZN (AOI21_X1)
                                         _21886_ (net)
                  0.01    0.00    0.79 v _41808_/B (HA_X1)
     3    6.06    0.01    0.04    0.83 v _41808_/CO (HA_X1)
                                         _21887_ (net)
                  0.01    0.00    0.83 v _26581_/A1 (NOR2_X1)
     2    4.81    0.03    0.04    0.87 ^ _26581_/ZN (NOR2_X1)
                                         _03291_ (net)
                  0.03    0.00    0.87 ^ _26586_/A3 (AND3_X1)
     2    8.35    0.02    0.07    0.94 ^ _26586_/ZN (AND3_X1)
                                         _03296_ (net)
                  0.02    0.00    0.94 ^ _26587_/B2 (OAI21_X1)
     2    4.86    0.02    0.03    0.96 v _26587_/ZN (OAI21_X1)
                                         _03297_ (net)
                  0.02    0.00    0.96 v _26588_/A2 (NAND2_X2)
     4   11.35    0.02    0.03    1.00 ^ _26588_/ZN (NAND2_X2)
                                         _03298_ (net)
                  0.02    0.00    1.00 ^ _26589_/A (CLKBUF_X3)
    10   19.03    0.02    0.05    1.04 ^ _26589_/Z (CLKBUF_X3)
                                         _03299_ (net)
                  0.02    0.00    1.04 ^ _26614_/S (MUX2_X1)
     1    1.23    0.01    0.06    1.10 v _26614_/Z (MUX2_X1)
                                         _03322_ (net)
                  0.01    0.00    1.10 v _26617_/A (MUX2_X1)
     1    1.18    0.01    0.06    1.16 v _26617_/Z (MUX2_X1)
                                         _03325_ (net)
                  0.01    0.00    1.16 v _26618_/A2 (OR2_X1)
     3    8.04    0.02    0.06    1.22 v _26618_/ZN (OR2_X1)
                                         _14139_ (net)
                  0.02    0.00    1.22 v _26619_/A (INV_X1)
     2    7.30    0.02    0.03    1.25 ^ _26619_/ZN (INV_X1)
                                         _14133_ (net)
                  0.02    0.00    1.25 ^ _41810_/A (HA_X1)
     1    1.87    0.02    0.05    1.30 ^ _41810_/S (HA_X1)
                                         _21893_ (net)
                  0.02    0.00    1.30 ^ _26676_/B2 (AOI21_X1)
     1    3.50    0.01    0.02    1.32 v _26676_/ZN (AOI21_X1)
                                         _03366_ (net)
                  0.01    0.00    1.32 v _26677_/B2 (OAI21_X2)
     3    6.27    0.02    0.04    1.36 ^ _26677_/ZN (OAI21_X2)
                                         _03367_ (net)
                  0.02    0.00    1.36 ^ _26678_/A2 (AND2_X1)
     2    5.32    0.02    0.05    1.41 ^ _26678_/ZN (AND2_X1)
                                         _03368_ (net)
                  0.02    0.00    1.41 ^ _26687_/B1 (OAI221_X2)
     2    7.36    0.02    0.04    1.44 v _26687_/ZN (OAI221_X2)
                                         _03377_ (net)
                  0.02    0.00    1.44 v _26752_/A3 (NOR3_X2)
     1    6.38    0.04    0.07    1.51 ^ _26752_/ZN (NOR3_X2)
                                         _03442_ (net)
                  0.04    0.00    1.51 ^ _26753_/A3 (NOR3_X4)
     2    9.30    0.01    0.02    1.53 v _26753_/ZN (NOR3_X4)
                                         _03443_ (net)
                  0.01    0.00    1.53 v _26754_/B (XNOR2_X2)
     8   22.99    0.06    0.08    1.61 ^ _26754_/ZN (XNOR2_X2)
                                         _03444_ (net)
                  0.06    0.00    1.61 ^ _26781_/A (OAI21_X4)
     8   15.78    0.03    0.03    1.65 v _26781_/ZN (OAI21_X4)
                                         _03471_ (net)
                  0.03    0.00    1.65 v _26799_/A1 (NOR2_X2)
     6    9.30    0.03    0.05    1.70 ^ _26799_/ZN (NOR2_X2)
                                         _03489_ (net)
                  0.03    0.00    1.70 ^ _26803_/A1 (NAND2_X1)
     1    2.13    0.01    0.02    1.71 v _26803_/ZN (NAND2_X1)
                                         _03493_ (net)
                  0.01    0.00    1.71 v _26818_/A (MUX2_X2)
     3    9.60    0.01    0.06    1.78 v _26818_/Z (MUX2_X2)
                                         _03508_ (net)
                  0.01    0.00    1.78 v _26819_/A2 (NAND2_X2)
     4   16.24    0.02    0.03    1.81 ^ _26819_/ZN (NAND2_X2)
                                         _03509_ (net)
                  0.02    0.00    1.81 ^ _26820_/A2 (NAND2_X2)
     3    9.99    0.02    0.02    1.84 v _26820_/ZN (NAND2_X2)
                                         _21958_ (net)
                  0.02    0.00    1.84 v _26821_/A (INV_X2)
     4   14.49    0.02    0.03    1.87 ^ _26821_/ZN (INV_X2)
                                         _21960_ (net)
                  0.02    0.00    1.87 ^ _41832_/B (HA_X1)
     3    6.29    0.02    0.05    1.92 ^ _41832_/CO (HA_X1)
                                         _21963_ (net)
                  0.02    0.00    1.92 ^ _26834_/A1 (NOR2_X1)
     2    4.77    0.01    0.02    1.93 v _26834_/ZN (NOR2_X1)
                                         _03522_ (net)
                  0.01    0.00    1.93 v _26840_/B (OAI211_X2)
     1    1.78    0.02    0.02    1.95 ^ _26840_/ZN (OAI211_X2)
                                         _03528_ (net)
                  0.02    0.00    1.95 ^ _26841_/A (OAI21_X1)
     1    1.76    0.01    0.02    1.98 v _26841_/ZN (OAI21_X1)
                                         _03529_ (net)
                  0.01    0.00    1.98 v _26842_/A3 (OR3_X2)
     5   12.62    0.02    0.09    2.06 v _26842_/ZN (OR3_X2)
                                         _03530_ (net)
                  0.02    0.00    2.06 v _26934_/B2 (OAI21_X2)
     4    9.39    0.03    0.05    2.11 ^ _26934_/ZN (OAI21_X2)
                                         _03620_ (net)
                  0.03    0.00    2.11 ^ _27075_/A (AOI211_X2)
     1    1.09    0.01    0.02    2.13 v _27075_/ZN (AOI211_X2)
                                         _03759_ (net)
                  0.01    0.00    2.13 v _27078_/A3 (OR4_X1)
     2    3.15    0.02    0.12    2.25 v _27078_/ZN (OR4_X1)
                                         _03762_ (net)
                  0.02    0.00    2.25 v _27079_/A4 (AND4_X1)
     2    3.56    0.01    0.05    2.30 v _27079_/ZN (AND4_X1)
                                         _03763_ (net)
                  0.01    0.00    2.30 v _27080_/A3 (NOR3_X1)
     1    3.98    0.04    0.07    2.36 ^ _27080_/ZN (NOR3_X1)
                                         _03764_ (net)
                  0.04    0.00    2.36 ^ _27081_/A4 (NAND4_X2)
     3    8.32    0.03    0.05    2.41 v _27081_/ZN (NAND4_X2)
                                         _03765_ (net)
                  0.03    0.00    2.41 v _27082_/B (XOR2_X2)
     6   14.82    0.02    0.07    2.48 v _27082_/Z (XOR2_X2)
                                         _03766_ (net)
                  0.02    0.00    2.48 v _27096_/A (INV_X4)
     7   15.19    0.01    0.02    2.51 ^ _27096_/ZN (INV_X4)
                                         _21972_ (net)
                  0.01    0.00    2.51 ^ _41835_/B (HA_X1)
     2    5.95    0.02    0.04    2.55 ^ _41835_/CO (HA_X1)
                                         _21973_ (net)
                  0.02    0.00    2.55 ^ _41838_/B (HA_X1)
     2    3.96    0.01    0.04    2.59 ^ _41838_/CO (HA_X1)
                                         _21981_ (net)
                  0.01    0.00    2.59 ^ _27197_/A1 (NAND3_X1)
     1    4.77    0.02    0.03    2.62 v _27197_/ZN (NAND3_X1)
                                         _03863_ (net)
                  0.02    0.00    2.62 v _27198_/B (XOR2_X2)
     3    4.91    0.01    0.06    2.68 v _27198_/Z (XOR2_X2)
                                         _03864_ (net)
                  0.01    0.00    2.68 v _27199_/S (MUX2_X1)
     1    1.58    0.01    0.05    2.73 v _27199_/Z (MUX2_X1)
                                         _03865_ (net)
                  0.01    0.00    2.73 v _27200_/B2 (OAI22_X1)
     1    1.87    0.03    0.04    2.77 ^ _27200_/ZN (OAI22_X1)
                                         _03866_ (net)
                  0.03    0.00    2.77 ^ _27205_/A (AOI21_X1)
     1    1.74    0.01    0.02    2.79 v _27205_/ZN (AOI21_X1)
                                         _00117_ (net)
                  0.01    0.00    2.79 v g_reduce0[8].adder.x[14]$_DFF_PN0_/D (DFFR_X1)
                                  2.79   data arrival time

                  0.00    3.00    3.00   clock clk (rise edge)
                          0.15    3.15   clock network delay (ideal)
                         -0.01    3.13   clock uncertainty
                          0.00    3.13   clock reconvergence pessimism
                                  3.13 ^ g_reduce0[8].adder.x[14]$_DFF_PN0_/CK (DFFR_X1)
                         -0.04    3.09   library setup time
                                  3.09   data required time
-----------------------------------------------------------------------------
                                  3.09   data required time
                                 -2.79   data arrival time
-----------------------------------------------------------------------------
                                  0.30   slack (MET)



==========================================================================
detailed place report_checks -unconstrained
--------------------------------------------------------------------------
Startpoint: rst (input port clocked by clk)
Endpoint: g_row[1].g_col[2].mult.stage1.t2[14]$_DFF_PN0_
          (recovery check against rising-edge clock clk)
Path Group: asynchronous
Path Type: max

Fanout     Cap    Slew   Delay    Time   Description
-----------------------------------------------------------------------------
                  0.00    0.00    0.00   clock clk (rise edge)
                          0.15    0.15   clock network delay (ideal)
                          0.15    0.30 ^ input external delay
     1   27.02    0.00    0.00    0.30 ^ rst (in)
                                         rst (net)
                  0.00    0.00    0.30 ^ input276/A (BUF_X32)
   117  308.55    0.01    0.02    0.32 ^ input276/Z (BUF_X32)
                                         net276 (net)
                  0.01    0.01    0.33 ^ max_length351/A (BUF_X32)
   163  402.77    0.01    0.02    0.35 ^ max_length351/Z (BUF_X32)
                                         net351 (net)
                  0.11    0.09    0.44 ^ max_length347/A (BUF_X32)
   137  340.39    0.01    0.04    0.47 ^ max_length347/Z (BUF_X32)
                                         net347 (net)
                  0.11    0.09    0.57 ^ max_length346/A (BUF_X32)
   202  441.46    0.02    0.04    0.60 ^ max_length346/Z (BUF_X32)
                                         net346 (net)
                  0.10    0.08    0.68 ^ g_row[1].g_col[2].mult.stage1.t2[14]$_DFF_PN0_/RN (DFFR_X1)
                                  0.68   data arrival time

                  0.00    3.00    3.00   clock clk (rise edge)
                          0.15    3.15   clock network delay (ideal)
                         -0.01    3.13   clock uncertainty
                          0.00    3.13   clock reconvergence pessimism
                                  3.13 ^ g_row[1].g_col[2].mult.stage1.t2[14]$_DFF_PN0_/CK (DFFR_X1)
                          0.04    3.17   library recovery time
                                  3.17   data required time
-----------------------------------------------------------------------------
                                  3.17   data required time
                                 -0.68   data arrival time
-----------------------------------------------------------------------------
                                  2.49   slack (MET)


Startpoint: g_row[2].g_col[1].mult.x[12]$_DFF_PN0_
            (rising edge-triggered flip-flop clocked by clk)
Endpoint: g_reduce0[8].adder.x[14]$_DFF_PN0_
          (rising edge-triggered flip-flop clocked by clk)
Path Group: clk
Path Type: max

Fanout     Cap    Slew   Delay    Time   Description
-----------------------------------------------------------------------------
                  0.00    0.00    0.00   clock clk (rise edge)
                          0.15    0.15   clock network delay (ideal)
                  0.00    0.00    0.15 ^ g_row[2].g_col[1].mult.x[12]$_DFF_PN0_/CK (DFFR_X2)
     6   16.93    0.02    0.14    0.29 ^ g_row[2].g_col[1].mult.x[12]$_DFF_PN0_/Q (DFFR_X2)
                                         g_reduce0[8].adder.b[12] (net)
                  0.02    0.00    0.29 ^ _41796_/A (HA_X1)
     1    1.77    0.02    0.05    0.34 ^ _41796_/S (HA_X1)
                                         _21852_ (net)
                  0.02    0.00    0.34 ^ _26485_/A (CLKBUF_X3)
     7   23.25    0.02    0.05    0.39 ^ _26485_/Z (CLKBUF_X3)
                                         _03197_ (net)
                  0.02    0.00    0.39 ^ _26513_/A3 (NAND4_X2)
     1    6.13    0.02    0.04    0.43 v _26513_/ZN (NAND4_X2)
                                         _03225_ (net)
                  0.02    0.00    0.43 v _26514_/A4 (NOR4_X4)
     2    7.70    0.05    0.09    0.52 ^ _26514_/ZN (NOR4_X4)
                                         _03226_ (net)
                  0.05    0.00    0.52 ^ _26527_/A2 (AND2_X1)
     1    3.52    0.01    0.05    0.57 ^ _26527_/ZN (AND2_X1)
                                         _03238_ (net)
                  0.01    0.00    0.57 ^ _26528_/A (BUF_X4)
     9   24.57    0.02    0.03    0.60 ^ _26528_/Z (BUF_X4)
                                         _03239_ (net)
                  0.02    0.00    0.60 ^ _26529_/A2 (NOR2_X4)
    10   21.89    0.01    0.02    0.62 v _26529_/ZN (NOR2_X4)
                                         _03240_ (net)
                  0.01    0.00    0.62 v _26562_/A (CLKBUF_X3)
    10   18.92    0.02    0.05    0.67 v _26562_/Z (CLKBUF_X3)
                                         _03272_ (net)
                  0.02    0.00    0.67 v _38980_/A (CLKBUF_X3)
    10   18.44    0.02    0.05    0.72 v _38980_/Z (CLKBUF_X3)
                                         _12020_ (net)
                  0.02    0.00    0.72 v _39226_/A3 (NOR3_X1)
     1    1.88    0.03    0.05    0.77 ^ _39226_/ZN (NOR3_X1)
                                         _12119_ (net)
                  0.03    0.00    0.77 ^ _39227_/A (AOI21_X1)
     1    3.49    0.01    0.02    0.79 v _39227_/ZN (AOI21_X1)
                                         _21886_ (net)
                  0.01    0.00    0.79 v _41808_/B (HA_X1)
     3    6.06    0.01    0.04    0.83 v _41808_/CO (HA_X1)
                                         _21887_ (net)
                  0.01    0.00    0.83 v _26581_/A1 (NOR2_X1)
     2    4.81    0.03    0.04    0.87 ^ _26581_/ZN (NOR2_X1)
                                         _03291_ (net)
                  0.03    0.00    0.87 ^ _26586_/A3 (AND3_X1)
     2    8.35    0.02    0.07    0.94 ^ _26586_/ZN (AND3_X1)
                                         _03296_ (net)
                  0.02    0.00    0.94 ^ _26587_/B2 (OAI21_X1)
     2    4.86    0.02    0.03    0.96 v _26587_/ZN (OAI21_X1)
                                         _03297_ (net)
                  0.02    0.00    0.96 v _26588_/A2 (NAND2_X2)
     4   11.35    0.02    0.03    1.00 ^ _26588_/ZN (NAND2_X2)
                                         _03298_ (net)
                  0.02    0.00    1.00 ^ _26589_/A (CLKBUF_X3)
    10   19.03    0.02    0.05    1.04 ^ _26589_/Z (CLKBUF_X3)
                                         _03299_ (net)
                  0.02    0.00    1.04 ^ _26614_/S (MUX2_X1)
     1    1.23    0.01    0.06    1.10 v _26614_/Z (MUX2_X1)
                                         _03322_ (net)
                  0.01    0.00    1.10 v _26617_/A (MUX2_X1)
     1    1.18    0.01    0.06    1.16 v _26617_/Z (MUX2_X1)
                                         _03325_ (net)
                  0.01    0.00    1.16 v _26618_/A2 (OR2_X1)
     3    8.04    0.02    0.06    1.22 v _26618_/ZN (OR2_X1)
                                         _14139_ (net)
                  0.02    0.00    1.22 v _26619_/A (INV_X1)
     2    7.30    0.02    0.03    1.25 ^ _26619_/ZN (INV_X1)
                                         _14133_ (net)
                  0.02    0.00    1.25 ^ _41810_/A (HA_X1)
     1    1.87    0.02    0.05    1.30 ^ _41810_/S (HA_X1)
                                         _21893_ (net)
                  0.02    0.00    1.30 ^ _26676_/B2 (AOI21_X1)
     1    3.50    0.01    0.02    1.32 v _26676_/ZN (AOI21_X1)
                                         _03366_ (net)
                  0.01    0.00    1.32 v _26677_/B2 (OAI21_X2)
     3    6.27    0.02    0.04    1.36 ^ _26677_/ZN (OAI21_X2)
                                         _03367_ (net)
                  0.02    0.00    1.36 ^ _26678_/A2 (AND2_X1)
     2    5.32    0.02    0.05    1.41 ^ _26678_/ZN (AND2_X1)
                                         _03368_ (net)
                  0.02    0.00    1.41 ^ _26687_/B1 (OAI221_X2)
     2    7.36    0.02    0.04    1.44 v _26687_/ZN (OAI221_X2)
                                         _03377_ (net)
                  0.02    0.00    1.44 v _26752_/A3 (NOR3_X2)
     1    6.38    0.04    0.07    1.51 ^ _26752_/ZN (NOR3_X2)
                                         _03442_ (net)
                  0.04    0.00    1.51 ^ _26753_/A3 (NOR3_X4)
     2    9.30    0.01    0.02    1.53 v _26753_/ZN (NOR3_X4)
                                         _03443_ (net)
                  0.01    0.00    1.53 v _26754_/B (XNOR2_X2)
     8   22.99    0.06    0.08    1.61 ^ _26754_/ZN (XNOR2_X2)
                                         _03444_ (net)
                  0.06    0.00    1.61 ^ _26781_/A (OAI21_X4)
     8   15.78    0.03    0.03    1.65 v _26781_/ZN (OAI21_X4)
                                         _03471_ (net)
                  0.03    0.00    1.65 v _26799_/A1 (NOR2_X2)
     6    9.30    0.03    0.05    1.70 ^ _26799_/ZN (NOR2_X2)
                                         _03489_ (net)
                  0.03    0.00    1.70 ^ _26803_/A1 (NAND2_X1)
     1    2.13    0.01    0.02    1.71 v _26803_/ZN (NAND2_X1)
                                         _03493_ (net)
                  0.01    0.00    1.71 v _26818_/A (MUX2_X2)
     3    9.60    0.01    0.06    1.78 v _26818_/Z (MUX2_X2)
                                         _03508_ (net)
                  0.01    0.00    1.78 v _26819_/A2 (NAND2_X2)
     4   16.24    0.02    0.03    1.81 ^ _26819_/ZN (NAND2_X2)
                                         _03509_ (net)
                  0.02    0.00    1.81 ^ _26820_/A2 (NAND2_X2)
     3    9.99    0.02    0.02    1.84 v _26820_/ZN (NAND2_X2)
                                         _21958_ (net)
                  0.02    0.00    1.84 v _26821_/A (INV_X2)
     4   14.49    0.02    0.03    1.87 ^ _26821_/ZN (INV_X2)
                                         _21960_ (net)
                  0.02    0.00    1.87 ^ _41832_/B (HA_X1)
     3    6.29    0.02    0.05    1.92 ^ _41832_/CO (HA_X1)
                                         _21963_ (net)
                  0.02    0.00    1.92 ^ _26834_/A1 (NOR2_X1)
     2    4.77    0.01    0.02    1.93 v _26834_/ZN (NOR2_X1)
                                         _03522_ (net)
                  0.01    0.00    1.93 v _26840_/B (OAI211_X2)
     1    1.78    0.02    0.02    1.95 ^ _26840_/ZN (OAI211_X2)
                                         _03528_ (net)
                  0.02    0.00    1.95 ^ _26841_/A (OAI21_X1)
     1    1.76    0.01    0.02    1.98 v _26841_/ZN (OAI21_X1)
                                         _03529_ (net)
                  0.01    0.00    1.98 v _26842_/A3 (OR3_X2)
     5   12.62    0.02    0.09    2.06 v _26842_/ZN (OR3_X2)
                                         _03530_ (net)
                  0.02    0.00    2.06 v _26934_/B2 (OAI21_X2)
     4    9.39    0.03    0.05    2.11 ^ _26934_/ZN (OAI21_X2)
                                         _03620_ (net)
                  0.03    0.00    2.11 ^ _27075_/A (AOI211_X2)
     1    1.09    0.01    0.02    2.13 v _27075_/ZN (AOI211_X2)
                                         _03759_ (net)
                  0.01    0.00    2.13 v _27078_/A3 (OR4_X1)
     2    3.15    0.02    0.12    2.25 v _27078_/ZN (OR4_X1)
                                         _03762_ (net)
                  0.02    0.00    2.25 v _27079_/A4 (AND4_X1)
     2    3.56    0.01    0.05    2.30 v _27079_/ZN (AND4_X1)
                                         _03763_ (net)
                  0.01    0.00    2.30 v _27080_/A3 (NOR3_X1)
     1    3.98    0.04    0.07    2.36 ^ _27080_/ZN (NOR3_X1)
                                         _03764_ (net)
                  0.04    0.00    2.36 ^ _27081_/A4 (NAND4_X2)
     3    8.32    0.03    0.05    2.41 v _27081_/ZN (NAND4_X2)
                                         _03765_ (net)
                  0.03    0.00    2.41 v _27082_/B (XOR2_X2)
     6   14.82    0.02    0.07    2.48 v _27082_/Z (XOR2_X2)
                                         _03766_ (net)
                  0.02    0.00    2.48 v _27096_/A (INV_X4)
     7   15.19    0.01    0.02    2.51 ^ _27096_/ZN (INV_X4)
                                         _21972_ (net)
                  0.01    0.00    2.51 ^ _41835_/B (HA_X1)
     2    5.95    0.02    0.04    2.55 ^ _41835_/CO (HA_X1)
                                         _21973_ (net)
                  0.02    0.00    2.55 ^ _41838_/B (HA_X1)
     2    3.96    0.01    0.04    2.59 ^ _41838_/CO (HA_X1)
                                         _21981_ (net)
                  0.01    0.00    2.59 ^ _27197_/A1 (NAND3_X1)
     1    4.77    0.02    0.03    2.62 v _27197_/ZN (NAND3_X1)
                                         _03863_ (net)
                  0.02    0.00    2.62 v _27198_/B (XOR2_X2)
     3    4.91    0.01    0.06    2.68 v _27198_/Z (XOR2_X2)
                                         _03864_ (net)
                  0.01    0.00    2.68 v _27199_/S (MUX2_X1)
     1    1.58    0.01    0.05    2.73 v _27199_/Z (MUX2_X1)
                                         _03865_ (net)
                  0.01    0.00    2.73 v _27200_/B2 (OAI22_X1)
     1    1.87    0.03    0.04    2.77 ^ _27200_/ZN (OAI22_X1)
                                         _03866_ (net)
                  0.03    0.00    2.77 ^ _27205_/A (AOI21_X1)
     1    1.74    0.01    0.02    2.79 v _27205_/ZN (AOI21_X1)
                                         _00117_ (net)
                  0.01    0.00    2.79 v g_reduce0[8].adder.x[14]$_DFF_PN0_/D (DFFR_X1)
                                  2.79   data arrival time

                  0.00    3.00    3.00   clock clk (rise edge)
                          0.15    3.15   clock network delay (ideal)
                         -0.01    3.13   clock uncertainty
                          0.00    3.13   clock reconvergence pessimism
                                  3.13 ^ g_reduce0[8].adder.x[14]$_DFF_PN0_/CK (DFFR_X1)
                         -0.04    3.09   library setup time
                                  3.09   data required time
-----------------------------------------------------------------------------
                                  3.09   data required time
                                 -2.79   data arrival time
-----------------------------------------------------------------------------
                                  0.30   slack (MET)



==========================================================================
detailed place report_check_types -max_slew -max_cap -max_fanout -violators
--------------------------------------------------------------------------
max capacitance

Pin                                    Limit     Cap   Slack
------------------------------------------------------------
rst                                     6.00   27.02  -21.02 (VIOLATED)


==========================================================================
detailed place max_slew_check_slack
--------------------------------------------------------------------------
0.07783955335617065

==========================================================================
detailed place max_slew_check_limit
--------------------------------------------------------------------------
0.1985349953174591

==========================================================================
detailed place max_slew_check_slack_limit
--------------------------------------------------------------------------
0.3921

==========================================================================
detailed place max_fanout_check_slack
--------------------------------------------------------------------------
31.0

==========================================================================
detailed place max_fanout_check_limit
--------------------------------------------------------------------------
32.0

==========================================================================
detailed place max_fanout_check_slack_limit
--------------------------------------------------------------------------
0.9688

==========================================================================
detailed place max_capacitance_check_slack
--------------------------------------------------------------------------
-21.02423095703125

==========================================================================
detailed place max_capacitance_check_limit
--------------------------------------------------------------------------
6.0

==========================================================================
detailed place max_capacitance_check_slack_limit
--------------------------------------------------------------------------
-3.5040

==========================================================================
detailed place max_slew_violation_count
--------------------------------------------------------------------------
max slew violation count 0

==========================================================================
detailed place max_fanout_violation_count
--------------------------------------------------------------------------
max fanout violation count 0

==========================================================================
detailed place max_cap_violation_count
--------------------------------------------------------------------------
max cap violation count 1

==========================================================================
detailed place setup_violation_count
--------------------------------------------------------------------------
setup violation count 0

==========================================================================
detailed place hold_violation_count
--------------------------------------------------------------------------
hold violation count 0

==========================================================================
detailed place report_checks -path_delay max reg to reg
--------------------------------------------------------------------------
Startpoint: g_row[2].g_col[1].mult.x[12]$_DFF_PN0_
            (rising edge-triggered flip-flop clocked by clk)
Endpoint: g_reduce0[8].adder.x[14]$_DFF_PN0_
          (rising edge-triggered flip-flop clocked by clk)
Path Group: clk
Path Type: max

  Delay    Time   Description
---------------------------------------------------------
   0.00    0.00   clock clk (rise edge)
   0.15    0.15   clock network delay (ideal)
   0.00    0.15 ^ g_row[2].g_col[1].mult.x[12]$_DFF_PN0_/CK (DFFR_X2)
   0.14    0.29 ^ g_row[2].g_col[1].mult.x[12]$_DFF_PN0_/Q (DFFR_X2)
   0.05    0.34 ^ _41796_/S (HA_X1)
   0.05    0.39 ^ _26485_/Z (CLKBUF_X3)
   0.04    0.43 v _26513_/ZN (NAND4_X2)
   0.09    0.52 ^ _26514_/ZN (NOR4_X4)
   0.05    0.57 ^ _26527_/ZN (AND2_X1)
   0.03    0.60 ^ _26528_/Z (BUF_X4)
   0.02    0.62 v _26529_/ZN (NOR2_X4)
   0.05    0.67 v _26562_/Z (CLKBUF_X3)
   0.05    0.72 v _38980_/Z (CLKBUF_X3)
   0.05    0.77 ^ _39226_/ZN (NOR3_X1)
   0.02    0.79 v _39227_/ZN (AOI21_X1)
   0.04    0.83 v _41808_/CO (HA_X1)
   0.04    0.87 ^ _26581_/ZN (NOR2_X1)
   0.07    0.94 ^ _26586_/ZN (AND3_X1)
   0.03    0.96 v _26587_/ZN (OAI21_X1)
   0.03    1.00 ^ _26588_/ZN (NAND2_X2)
   0.05    1.04 ^ _26589_/Z (CLKBUF_X3)
   0.06    1.10 v _26614_/Z (MUX2_X1)
   0.06    1.16 v _26617_/Z (MUX2_X1)
   0.06    1.22 v _26618_/ZN (OR2_X1)
   0.03    1.25 ^ _26619_/ZN (INV_X1)
   0.05    1.30 ^ _41810_/S (HA_X1)
   0.02    1.32 v _26676_/ZN (AOI21_X1)
   0.04    1.36 ^ _26677_/ZN (OAI21_X2)
   0.05    1.41 ^ _26678_/ZN (AND2_X1)
   0.04    1.44 v _26687_/ZN (OAI221_X2)
   0.07    1.51 ^ _26752_/ZN (NOR3_X2)
   0.02    1.53 v _26753_/ZN (NOR3_X4)
   0.08    1.61 ^ _26754_/ZN (XNOR2_X2)
   0.04    1.65 v _26781_/ZN (OAI21_X4)
   0.05    1.70 ^ _26799_/ZN (NOR2_X2)
   0.02    1.71 v _26803_/ZN (NAND2_X1)
   0.06    1.78 v _26818_/Z (MUX2_X2)
   0.03    1.81 ^ _26819_/ZN (NAND2_X2)
   0.03    1.84 v _26820_/ZN (NAND2_X2)
   0.03    1.87 ^ _26821_/ZN (INV_X2)
   0.05    1.92 ^ _41832_/CO (HA_X1)
   0.02    1.93 v _26834_/ZN (NOR2_X1)
   0.02    1.95 ^ _26840_/ZN (OAI211_X2)
   0.02    1.98 v _26841_/ZN (OAI21_X1)
   0.09    2.06 v _26842_/ZN (OR3_X2)
   0.05    2.11 ^ _26934_/ZN (OAI21_X2)
   0.02    2.13 v _27075_/ZN (AOI211_X2)
   0.12    2.25 v _27078_/ZN (OR4_X1)
   0.05    2.30 v _27079_/ZN (AND4_X1)
   0.07    2.36 ^ _27080_/ZN (NOR3_X1)
   0.05    2.41 v _27081_/ZN (NAND4_X2)
   0.07    2.48 v _27082_/Z (XOR2_X2)
   0.02    2.51 ^ _27096_/ZN (INV_X4)
   0.04    2.55 ^ _41835_/CO (HA_X1)
   0.04    2.59 ^ _41838_/CO (HA_X1)
   0.03    2.62 v _27197_/ZN (NAND3_X1)
   0.06    2.68 v _27198_/Z (XOR2_X2)
   0.05    2.73 v _27199_/Z (MUX2_X1)
   0.04    2.77 ^ _27200_/ZN (OAI22_X1)
   0.02    2.79 v _27205_/ZN (AOI21_X1)
   0.00    2.79 v g_reduce0[8].adder.x[14]$_DFF_PN0_/D (DFFR_X1)
           2.79   data arrival time

   3.00    3.00   clock clk (rise edge)
   0.15    3.15   clock network delay (ideal)
  -0.01    3.13   clock uncertainty
   0.00    3.13   clock reconvergence pessimism
           3.13 ^ g_reduce0[8].adder.x[14]$_DFF_PN0_/CK (DFFR_X1)
  -0.04    3.09   library setup time
           3.09   data required time
---------------------------------------------------------
           3.09   data required time
          -2.79   data arrival time
---------------------------------------------------------
           0.30   slack (MET)



==========================================================================
detailed place report_checks -path_delay min reg to reg
--------------------------------------------------------------------------
Startpoint: g_row[0].g_col[2].mult.stage1.sign$_DFF_PN0_
            (rising edge-triggered flip-flop clocked by clk)
Endpoint: g_row[0].g_col[2].mult.x[15]$_DFF_PN0_
          (rising edge-triggered flip-flop clocked by clk)
Path Group: clk
Path Type: min

  Delay    Time   Description
---------------------------------------------------------
   0.00    0.00   clock clk (rise edge)
   0.15    0.15   clock network delay (ideal)
   0.00    0.15 ^ g_row[0].g_col[2].mult.stage1.sign$_DFF_PN0_/CK (DFFR_X1)
   0.08    0.23 v g_row[0].g_col[2].mult.stage1.sign$_DFF_PN0_/Q (DFFR_X1)
   0.00    0.23 v g_row[0].g_col[2].mult.x[15]$_DFF_PN0_/D (DFFR_X1)
           0.23   data arrival time

   0.00    0.00   clock clk (rise edge)
   0.15    0.15   clock network delay (ideal)
   0.01    0.17   clock uncertainty
   0.00    0.17   clock reconvergence pessimism
           0.17 ^ g_row[0].g_col[2].mult.x[15]$_DFF_PN0_/CK (DFFR_X1)
   0.00    0.17   library hold time
           0.17   data required time
---------------------------------------------------------
           0.17   data required time
          -0.23   data arrival time
---------------------------------------------------------
           0.07   slack (MET)



==========================================================================
detailed place critical path target clock latency max path
--------------------------------------------------------------------------
0.1500

==========================================================================
detailed place critical path target clock latency min path
--------------------------------------------------------------------------
0

==========================================================================
detailed place critical path source clock latency min path
--------------------------------------------------------------------------
0

==========================================================================
detailed place critical path delay
--------------------------------------------------------------------------
2.7894

==========================================================================
detailed place critical path slack
--------------------------------------------------------------------------
0.3037

==========================================================================
detailed place slack div critical path delay
--------------------------------------------------------------------------
10.887646

==========================================================================
detailed place report_power
--------------------------------------------------------------------------
Group                  Internal  Switching    Leakage      Total
                          Power      Power      Power      Power (Watts)
----------------------------------------------------------------
Sequential             5.99e-03   1.31e-03   1.12e-04   7.41e-03   3.9%
Combinational          8.99e-02   9.03e-02   7.61e-04   1.81e-01  96.1%
Clock                  0.00e+00   0.00e+00   0.00e+00   0.00e+00   0.0%
Macro                  0.00e+00   0.00e+00   0.00e+00   0.00e+00   0.0%
Pad                    0.00e+00   0.00e+00   0.00e+00   0.00e+00   0.0%
----------------------------------------------------------------
Total                  9.59e-02   9.16e-02   8.73e-04   1.88e-01 100.0%
                          50.9%      48.6%       0.5%
