
==========================================================================
resizer report_tns
--------------------------------------------------------------------------
tns 0.00

==========================================================================
resizer report_wns
--------------------------------------------------------------------------
wns 0.00

==========================================================================
resizer report_worst_slack
--------------------------------------------------------------------------
worst slack 0.32

==========================================================================
resizer report_checks -path_delay min
--------------------------------------------------------------------------
Startpoint: g_row[0].g_col[3].mult.stage1.sign$_DFF_PN0_
            (rising edge-triggered flip-flop clocked by clk)
Endpoint: g_row[0].g_col[3].mult.x[15]$_DFF_PN0_
          (rising edge-triggered flip-flop clocked by clk)
Path Group: clk
Path Type: min

Fanout     Cap    Slew   Delay    Time   Description
-----------------------------------------------------------------------------
                  0.00    0.00    0.00   clock clk (rise edge)
                          0.15    0.15   clock network delay (ideal)
                  0.00    0.00    0.15 ^ g_row[0].g_col[3].mult.stage1.sign$_DFF_PN0_/CK (DFFR_X1)
     1    1.31    0.01    0.08    0.23 v g_row[0].g_col[3].mult.stage1.sign$_DFF_PN0_/Q (DFFR_X1)
                                         g_row[0].g_col[3].mult.sign (net)
                  0.01    0.00    0.23 v g_row[0].g_col[3].mult.x[15]$_DFF_PN0_/D (DFFR_X1)
                                  0.23   data arrival time

                  0.00    0.00    0.00   clock clk (rise edge)
                          0.15    0.15   clock network delay (ideal)
                          0.01    0.17   clock uncertainty
                          0.00    0.17   clock reconvergence pessimism
                                  0.17 ^ g_row[0].g_col[3].mult.x[15]$_DFF_PN0_/CK (DFFR_X1)
                          0.00    0.17   library hold time
                                  0.17   data required time
-----------------------------------------------------------------------------
                                  0.17   data required time
                                 -0.23   data arrival time
-----------------------------------------------------------------------------
                                  0.07   slack (MET)



==========================================================================
resizer report_checks -path_delay max
--------------------------------------------------------------------------
Startpoint: rst (input port clocked by clk)
Endpoint: g_row[1].g_col[2].mult.stage1.expa[4]$_DFF_PN0_
          (recovery check against rising-edge clock clk)
Path Group: asynchronous
Path Type: max

Fanout     Cap    Slew   Delay    Time   Description
-----------------------------------------------------------------------------
                  0.00    0.00    0.00   clock clk (rise edge)
                          0.15    0.15   clock network delay (ideal)
                          0.15    0.30 ^ input external delay
     1   27.03    0.00    0.00    0.30 ^ rst (in)
                                         rst (net)
                  0.00    0.00    0.30 ^ input276/A (BUF_X32)
   117  309.26    0.01    0.02    0.32 ^ input276/Z (BUF_X32)
                                         net276 (net)
                  0.02    0.01    0.33 ^ max_length351/A (BUF_X32)
   163  405.14    0.01    0.02    0.36 ^ max_length351/Z (BUF_X32)
                                         net351 (net)
                  0.12    0.09    0.45 ^ max_length347/A (BUF_X32)
   137  341.11    0.01    0.04    0.49 ^ max_length347/Z (BUF_X32)
                                         net347 (net)
                  0.11    0.09    0.58 ^ max_length346/A (BUF_X32)
   202  441.21    0.01    0.04    0.61 ^ max_length346/Z (BUF_X32)
                                         net346 (net)
                  0.11    0.08    0.70 ^ g_row[1].g_col[2].mult.stage1.expa[4]$_DFF_PN0_/RN (DFFR_X1)
                                  0.70   data arrival time

                  0.00    3.00    3.00   clock clk (rise edge)
                          0.15    3.15   clock network delay (ideal)
                         -0.01    3.13   clock uncertainty
                          0.00    3.13   clock reconvergence pessimism
                                  3.13 ^ g_row[1].g_col[2].mult.stage1.expa[4]$_DFF_PN0_/CK (DFFR_X1)
                          0.04    3.17   library recovery time
                                  3.17   data required time
-----------------------------------------------------------------------------
                                  3.17   data required time
                                 -0.70   data arrival time
-----------------------------------------------------------------------------
                                  2.47   slack (MET)


Startpoint: g_reduce0[8].adder.x[14]$_DFF_PN0_
            (rising edge-triggered flip-flop clocked by clk)
Endpoint: g_reduce1[4].adder.x[14]$_DFF_PN0_
          (rising edge-triggered flip-flop clocked by clk)
Path Group: clk
Path Type: max

Fanout     Cap    Slew   Delay    Time   Description
-----------------------------------------------------------------------------
                  0.00    0.00    0.00   clock clk (rise edge)
                          0.15    0.15   clock network delay (ideal)
                  0.00    0.00    0.15 ^ g_reduce0[8].adder.x[14]$_DFF_PN0_/CK (DFFR_X1)
     2    7.33    0.02    0.11    0.26 ^ g_reduce0[8].adder.x[14]$_DFF_PN0_/Q (DFFR_X1)
                                         g_reduce0[8].adder.x[14] (net)
                  0.02    0.00    0.26 ^ _41949_/B (HA_X1)
     4   23.08    0.12    0.16    0.42 ^ _41949_/S (HA_X1)
                                         _22329_ (net)
                  0.12    0.00    0.42 ^ _28753_/A (INV_X4)
     6   22.49    0.03    0.02    0.44 v _28753_/ZN (INV_X4)
                                         _05318_ (net)
                  0.03    0.00    0.44 v _28759_/A1 (OR4_X1)
     1    3.12    0.02    0.10    0.54 v _28759_/ZN (OR4_X1)
                                         _05324_ (net)
                  0.02    0.00    0.54 v _28760_/A (BUF_X4)
     8   26.26    0.01    0.04    0.58 v _28760_/Z (BUF_X4)
                                         _05325_ (net)
                  0.01    0.00    0.58 v _28800_/A1 (OR2_X2)
     2    9.41    0.01    0.05    0.62 v _28800_/ZN (OR2_X2)
                                         _05364_ (net)
                  0.01    0.00    0.62 v _28801_/B2 (OAI22_X4)
     5   20.77    0.05    0.06    0.69 ^ _28801_/ZN (OAI22_X4)
                                         _05365_ (net)
                  0.05    0.00    0.69 ^ _28802_/A (BUF_X8)
    10   35.39    0.01    0.04    0.72 ^ _28802_/Z (BUF_X8)
                                         _05366_ (net)
                  0.01    0.00    0.72 ^ _28803_/A (BUF_X8)
    10   26.37    0.01    0.03    0.75 ^ _28803_/Z (BUF_X8)
                                         _05367_ (net)
                  0.01    0.00    0.75 ^ _28843_/A (CLKBUF_X3)
    10   19.54    0.02    0.04    0.79 ^ _28843_/Z (CLKBUF_X3)
                                         _05406_ (net)
                  0.02    0.00    0.79 ^ _39019_/A (BUF_X2)
    10   12.64    0.02    0.04    0.83 ^ _39019_/Z (BUF_X2)
                                         _12041_ (net)
                  0.02    0.00    0.83 ^ _39274_/B2 (AOI21_X1)
     1    3.36    0.02    0.02    0.85 v _39274_/ZN (AOI21_X1)
                                         _22324_ (net)
                  0.02    0.00    0.85 v _41948_/B (HA_X1)
     1    1.32    0.02    0.06    0.91 v _41948_/S (HA_X1)
                                         _22326_ (net)
                  0.02    0.00    0.91 v _28847_/A (CLKBUF_X3)
     8   18.60    0.02    0.05    0.96 v _28847_/Z (CLKBUF_X3)
                                         _05410_ (net)
                  0.02    0.00    0.96 v _28848_/A (INV_X2)
     9   20.16    0.02    0.04    1.00 ^ _28848_/ZN (INV_X2)
                                         _05411_ (net)
                  0.02    0.00    1.00 ^ _28906_/S (MUX2_X1)
     1    1.07    0.01    0.06    1.06 v _28906_/Z (MUX2_X1)
                                         _05468_ (net)
                  0.01    0.00    1.06 v _28907_/B (MUX2_X1)
     1    1.09    0.01    0.06    1.11 v _28907_/Z (MUX2_X1)
                                         _05469_ (net)
                  0.01    0.00    1.11 v _28911_/B (MUX2_X1)
     1    1.00    0.01    0.06    1.17 v _28911_/Z (MUX2_X1)
                                         _05473_ (net)
                  0.01    0.00    1.17 v _28912_/A2 (OR2_X1)
     3    8.13    0.02    0.06    1.23 v _28912_/ZN (OR2_X1)
                                         _14186_ (net)
                  0.02    0.00    1.23 v _28913_/A (INV_X1)
     2    7.20    0.02    0.03    1.26 ^ _28913_/ZN (INV_X1)
                                         _14180_ (net)
                  0.02    0.00    1.26 ^ _39516_/A (FA_X1)
     2    4.16    0.02    0.06    1.32 ^ _39516_/CO (FA_X1)
                                         _14183_ (net)
                  0.02    0.00    1.32 ^ _28974_/B1 (AOI21_X1)
     1    2.75    0.01    0.02    1.34 v _28974_/ZN (AOI21_X1)
                                         _05517_ (net)
                  0.01    0.00    1.34 v _28977_/B1 (OAI21_X2)
     3    8.38    0.03    0.04    1.38 ^ _28977_/ZN (OAI21_X2)
                                         _05520_ (net)
                  0.03    0.00    1.38 ^ _28979_/B1 (AOI21_X2)
     3    6.02    0.01    0.02    1.40 v _28979_/ZN (AOI21_X2)
                                         _05522_ (net)
                  0.01    0.00    1.40 v _29047_/A3 (OR4_X2)
     2    7.37    0.02    0.11    1.51 v _29047_/ZN (OR4_X2)
                                         _05590_ (net)
                  0.02    0.00    1.51 v _29081_/A3 (AND4_X2)
     5   12.74    0.01    0.05    1.56 v _29081_/ZN (AND4_X2)
                                         _05624_ (net)
                  0.01    0.00    1.56 v _29088_/A1 (NOR2_X1)
     1    1.83    0.02    0.02    1.59 ^ _29088_/ZN (NOR2_X1)
                                         _05631_ (net)
                  0.02    0.00    1.59 ^ _29089_/C2 (AOI221_X1)
     1    1.51    0.02    0.02    1.60 v _29089_/ZN (AOI221_X1)
                                         _05632_ (net)
                  0.02    0.00    1.60 v _29090_/A (CLKBUF_X3)
     8   17.25    0.02    0.05    1.65 v _29090_/Z (CLKBUF_X3)
                                         _05633_ (net)
                  0.02    0.00    1.65 v _29091_/A2 (NOR2_X1)
     2    2.86    0.02    0.04    1.69 ^ _29091_/ZN (NOR2_X1)
                                         _05634_ (net)
                  0.02    0.00    1.69 ^ _29096_/A1 (NOR2_X1)
     1    1.72    0.01    0.01    1.70 v _29096_/ZN (NOR2_X1)
                                         _05639_ (net)
                  0.01    0.00    1.70 v _29110_/A (MUX2_X2)
     8   17.93    0.02    0.07    1.77 v _29110_/Z (MUX2_X2)
                                         _05653_ (net)
                  0.02    0.00    1.77 v _29132_/A1 (NAND2_X2)
     4   10.96    0.02    0.03    1.80 ^ _29132_/ZN (NAND2_X2)
                                         _22396_ (net)
                  0.02    0.00    1.80 ^ _41970_/B (HA_X1)
     3    8.94    0.05    0.08    1.89 ^ _41970_/S (HA_X1)
                                         _14190_ (net)
                  0.05    0.00    1.89 ^ _29162_/A (CLKBUF_X3)
    10   21.95    0.02    0.06    1.95 ^ _29162_/Z (CLKBUF_X3)
                                         _05702_ (net)
                  0.02    0.00    1.95 ^ _29163_/A (INV_X2)
     5   12.70    0.01    0.02    1.96 v _29163_/ZN (INV_X2)
                                         _05703_ (net)
                  0.01    0.00    1.96 v _29164_/A (AOI221_X2)
     5    9.65    0.06    0.10    2.06 ^ _29164_/ZN (AOI221_X2)
                                         _05704_ (net)
                  0.06    0.00    2.06 ^ _29184_/A1 (NAND2_X1)
     1    1.66    0.02    0.02    2.08 v _29184_/ZN (NAND2_X1)
                                         _05724_ (net)
                  0.02    0.00    2.08 v _29191_/A3 (OAI33_X1)
     3    8.81    0.11    0.12    2.20 ^ _29191_/ZN (OAI33_X1)
                                         _05731_ (net)
                  0.11    0.00    2.20 ^ _29335_/C1 (AOI221_X2)
     2    3.06    0.03    0.02    2.22 v _29335_/ZN (AOI221_X2)
                                         _05873_ (net)
                  0.03    0.00    2.22 v _29352_/A2 (OR4_X1)
     3    5.21    0.02    0.12    2.34 v _29352_/ZN (OR4_X1)
                                         _05890_ (net)
                  0.02    0.00    2.34 v _29375_/A1 (NOR3_X2)
     3    7.21    0.04    0.05    2.39 ^ _29375_/ZN (NOR3_X2)
                                         _05913_ (net)
                  0.04    0.00    2.39 ^ _29398_/A2 (NAND3_X2)
     3    7.16    0.02    0.04    2.43 v _29398_/ZN (NAND3_X2)
                                         _05936_ (net)
                  0.02    0.00    2.43 v _29399_/B (XNOR2_X2)
     9   17.55    0.05    0.07    2.50 ^ _29399_/ZN (XNOR2_X2)
                                         _05937_ (net)
                  0.05    0.00    2.50 ^ _39037_/A (INV_X1)
     1    3.20    0.01    0.01    2.52 v _39037_/ZN (INV_X1)
                                         _22409_ (net)
                  0.01    0.00    2.52 v _41975_/A (HA_X1)
     2    5.13    0.01    0.04    2.55 v _41975_/CO (HA_X1)
                                         _22411_ (net)
                  0.01    0.00    2.55 v _41978_/B (HA_X1)
     2    4.11    0.01    0.04    2.59 v _41978_/CO (HA_X1)
                                         _22419_ (net)
                  0.01    0.00    2.59 v _29527_/A1 (NAND3_X1)
     1    4.50    0.02    0.02    2.61 ^ _29527_/ZN (NAND3_X1)
                                         _06048_ (net)
                  0.02    0.00    2.61 ^ _29528_/B (XOR2_X2)
     3    6.57    0.03    0.06    2.67 ^ _29528_/Z (XOR2_X2)
                                         _06049_ (net)
                  0.03    0.00    2.67 ^ _29530_/B2 (OAI21_X1)
     1    2.95    0.01    0.02    2.69 v _29530_/ZN (OAI21_X1)
                                         _06051_ (net)
                  0.01    0.00    2.69 v _29535_/B1 (AOI222_X2)
     1    1.80    0.04    0.07    2.76 ^ _29535_/ZN (AOI222_X2)
                                         _06056_ (net)
                  0.04    0.00    2.76 ^ _29536_/A (INV_X1)
     1    1.29    0.01    0.01    2.77 v _29536_/ZN (INV_X1)
                                         _00165_ (net)
                  0.01    0.00    2.77 v g_reduce1[4].adder.x[14]$_DFF_PN0_/D (DFFR_X2)
                                  2.77   data arrival time

                  0.00    3.00    3.00   clock clk (rise edge)
                          0.15    3.15   clock network delay (ideal)
                         -0.01    3.13   clock uncertainty
                          0.00    3.13   clock reconvergence pessimism
                                  3.13 ^ g_reduce1[4].adder.x[14]$_DFF_PN0_/CK (DFFR_X2)
                         -0.04    3.09   library setup time
                                  3.09   data required time
-----------------------------------------------------------------------------
                                  3.09   data required time
                                 -2.77   data arrival time
-----------------------------------------------------------------------------
                                  0.32   slack (MET)



==========================================================================
resizer report_checks -unconstrained
--------------------------------------------------------------------------
Startpoint: rst (input port clocked by clk)
Endpoint: g_row[1].g_col[2].mult.stage1.expa[4]$_DFF_PN0_
          (recovery check against rising-edge clock clk)
Path Group: asynchronous
Path Type: max

Fanout     Cap    Slew   Delay    Time   Description
-----------------------------------------------------------------------------
                  0.00    0.00    0.00   clock clk (rise edge)
                          0.15    0.15   clock network delay (ideal)
                          0.15    0.30 ^ input external delay
     1   27.03    0.00    0.00    0.30 ^ rst (in)
                                         rst (net)
                  0.00    0.00    0.30 ^ input276/A (BUF_X32)
   117  309.26    0.01    0.02    0.32 ^ input276/Z (BUF_X32)
                                         net276 (net)
                  0.02    0.01    0.33 ^ max_length351/A (BUF_X32)
   163  405.14    0.01    0.02    0.36 ^ max_length351/Z (BUF_X32)
                                         net351 (net)
                  0.12    0.09    0.45 ^ max_length347/A (BUF_X32)
   137  341.11    0.01    0.04    0.49 ^ max_length347/Z (BUF_X32)
                                         net347 (net)
                  0.11    0.09    0.58 ^ max_length346/A (BUF_X32)
   202  441.21    0.01    0.04    0.61 ^ max_length346/Z (BUF_X32)
                                         net346 (net)
                  0.11    0.08    0.70 ^ g_row[1].g_col[2].mult.stage1.expa[4]$_DFF_PN0_/RN (DFFR_X1)
                                  0.70   data arrival time

                  0.00    3.00    3.00   clock clk (rise edge)
                          0.15    3.15   clock network delay (ideal)
                         -0.01    3.13   clock uncertainty
                          0.00    3.13   clock reconvergence pessimism
                                  3.13 ^ g_row[1].g_col[2].mult.stage1.expa[4]$_DFF_PN0_/CK (DFFR_X1)
                          0.04    3.17   library recovery time
                                  3.17   data required time
-----------------------------------------------------------------------------
                                  3.17   data required time
                                 -0.70   data arrival time
-----------------------------------------------------------------------------
                                  2.47   slack (MET)


Startpoint: g_reduce0[8].adder.x[14]$_DFF_PN0_
            (rising edge-triggered flip-flop clocked by clk)
Endpoint: g_reduce1[4].adder.x[14]$_DFF_PN0_
          (rising edge-triggered flip-flop clocked by clk)
Path Group: clk
Path Type: max

Fanout     Cap    Slew   Delay    Time   Description
-----------------------------------------------------------------------------
                  0.00    0.00    0.00   clock clk (rise edge)
                          0.15    0.15   clock network delay (ideal)
                  0.00    0.00    0.15 ^ g_reduce0[8].adder.x[14]$_DFF_PN0_/CK (DFFR_X1)
     2    7.33    0.02    0.11    0.26 ^ g_reduce0[8].adder.x[14]$_DFF_PN0_/Q (DFFR_X1)
                                         g_reduce0[8].adder.x[14] (net)
                  0.02    0.00    0.26 ^ _41949_/B (HA_X1)
     4   23.08    0.12    0.16    0.42 ^ _41949_/S (HA_X1)
                                         _22329_ (net)
                  0.12    0.00    0.42 ^ _28753_/A (INV_X4)
     6   22.49    0.03    0.02    0.44 v _28753_/ZN (INV_X4)
                                         _05318_ (net)
                  0.03    0.00    0.44 v _28759_/A1 (OR4_X1)
     1    3.12    0.02    0.10    0.54 v _28759_/ZN (OR4_X1)
                                         _05324_ (net)
                  0.02    0.00    0.54 v _28760_/A (BUF_X4)
     8   26.26    0.01    0.04    0.58 v _28760_/Z (BUF_X4)
                                         _05325_ (net)
                  0.01    0.00    0.58 v _28800_/A1 (OR2_X2)
     2    9.41    0.01    0.05    0.62 v _28800_/ZN (OR2_X2)
                                         _05364_ (net)
                  0.01    0.00    0.62 v _28801_/B2 (OAI22_X4)
     5   20.77    0.05    0.06    0.69 ^ _28801_/ZN (OAI22_X4)
                                         _05365_ (net)
                  0.05    0.00    0.69 ^ _28802_/A (BUF_X8)
    10   35.39    0.01    0.04    0.72 ^ _28802_/Z (BUF_X8)
                                         _05366_ (net)
                  0.01    0.00    0.72 ^ _28803_/A (BUF_X8)
    10   26.37    0.01    0.03    0.75 ^ _28803_/Z (BUF_X8)
                                         _05367_ (net)
                  0.01    0.00    0.75 ^ _28843_/A (CLKBUF_X3)
    10   19.54    0.02    0.04    0.79 ^ _28843_/Z (CLKBUF_X3)
                                         _05406_ (net)
                  0.02    0.00    0.79 ^ _39019_/A (BUF_X2)
    10   12.64    0.02    0.04    0.83 ^ _39019_/Z (BUF_X2)
                                         _12041_ (net)
                  0.02    0.00    0.83 ^ _39274_/B2 (AOI21_X1)
     1    3.36    0.02    0.02    0.85 v _39274_/ZN (AOI21_X1)
                                         _22324_ (net)
                  0.02    0.00    0.85 v _41948_/B (HA_X1)
     1    1.32    0.02    0.06    0.91 v _41948_/S (HA_X1)
                                         _22326_ (net)
                  0.02    0.00    0.91 v _28847_/A (CLKBUF_X3)
     8   18.60    0.02    0.05    0.96 v _28847_/Z (CLKBUF_X3)
                                         _05410_ (net)
                  0.02    0.00    0.96 v _28848_/A (INV_X2)
     9   20.16    0.02    0.04    1.00 ^ _28848_/ZN (INV_X2)
                                         _05411_ (net)
                  0.02    0.00    1.00 ^ _28906_/S (MUX2_X1)
     1    1.07    0.01    0.06    1.06 v _28906_/Z (MUX2_X1)
                                         _05468_ (net)
                  0.01    0.00    1.06 v _28907_/B (MUX2_X1)
     1    1.09    0.01    0.06    1.11 v _28907_/Z (MUX2_X1)
                                         _05469_ (net)
                  0.01    0.00    1.11 v _28911_/B (MUX2_X1)
     1    1.00    0.01    0.06    1.17 v _28911_/Z (MUX2_X1)
                                         _05473_ (net)
                  0.01    0.00    1.17 v _28912_/A2 (OR2_X1)
     3    8.13    0.02    0.06    1.23 v _28912_/ZN (OR2_X1)
                                         _14186_ (net)
                  0.02    0.00    1.23 v _28913_/A (INV_X1)
     2    7.20    0.02    0.03    1.26 ^ _28913_/ZN (INV_X1)
                                         _14180_ (net)
                  0.02    0.00    1.26 ^ _39516_/A (FA_X1)
     2    4.16    0.02    0.06    1.32 ^ _39516_/CO (FA_X1)
                                         _14183_ (net)
                  0.02    0.00    1.32 ^ _28974_/B1 (AOI21_X1)
     1    2.75    0.01    0.02    1.34 v _28974_/ZN (AOI21_X1)
                                         _05517_ (net)
                  0.01    0.00    1.34 v _28977_/B1 (OAI21_X2)
     3    8.38    0.03    0.04    1.38 ^ _28977_/ZN (OAI21_X2)
                                         _05520_ (net)
                  0.03    0.00    1.38 ^ _28979_/B1 (AOI21_X2)
     3    6.02    0.01    0.02    1.40 v _28979_/ZN (AOI21_X2)
                                         _05522_ (net)
                  0.01    0.00    1.40 v _29047_/A3 (OR4_X2)
     2    7.37    0.02    0.11    1.51 v _29047_/ZN (OR4_X2)
                                         _05590_ (net)
                  0.02    0.00    1.51 v _29081_/A3 (AND4_X2)
     5   12.74    0.01    0.05    1.56 v _29081_/ZN (AND4_X2)
                                         _05624_ (net)
                  0.01    0.00    1.56 v _29088_/A1 (NOR2_X1)
     1    1.83    0.02    0.02    1.59 ^ _29088_/ZN (NOR2_X1)
                                         _05631_ (net)
                  0.02    0.00    1.59 ^ _29089_/C2 (AOI221_X1)
     1    1.51    0.02    0.02    1.60 v _29089_/ZN (AOI221_X1)
                                         _05632_ (net)
                  0.02    0.00    1.60 v _29090_/A (CLKBUF_X3)
     8   17.25    0.02    0.05    1.65 v _29090_/Z (CLKBUF_X3)
                                         _05633_ (net)
                  0.02    0.00    1.65 v _29091_/A2 (NOR2_X1)
     2    2.86    0.02    0.04    1.69 ^ _29091_/ZN (NOR2_X1)
                                         _05634_ (net)
                  0.02    0.00    1.69 ^ _29096_/A1 (NOR2_X1)
     1    1.72    0.01    0.01    1.70 v _29096_/ZN (NOR2_X1)
                                         _05639_ (net)
                  0.01    0.00    1.70 v _29110_/A (MUX2_X2)
     8   17.93    0.02    0.07    1.77 v _29110_/Z (MUX2_X2)
                                         _05653_ (net)
                  0.02    0.00    1.77 v _29132_/A1 (NAND2_X2)
     4   10.96    0.02    0.03    1.80 ^ _29132_/ZN (NAND2_X2)
                                         _22396_ (net)
                  0.02    0.00    1.80 ^ _41970_/B (HA_X1)
     3    8.94    0.05    0.08    1.89 ^ _41970_/S (HA_X1)
                                         _14190_ (net)
                  0.05    0.00    1.89 ^ _29162_/A (CLKBUF_X3)
    10   21.95    0.02    0.06    1.95 ^ _29162_/Z (CLKBUF_X3)
                                         _05702_ (net)
                  0.02    0.00    1.95 ^ _29163_/A (INV_X2)
     5   12.70    0.01    0.02    1.96 v _29163_/ZN (INV_X2)
                                         _05703_ (net)
                  0.01    0.00    1.96 v _29164_/A (AOI221_X2)
     5    9.65    0.06    0.10    2.06 ^ _29164_/ZN (AOI221_X2)
                                         _05704_ (net)
                  0.06    0.00    2.06 ^ _29184_/A1 (NAND2_X1)
     1    1.66    0.02    0.02    2.08 v _29184_/ZN (NAND2_X1)
                                         _05724_ (net)
                  0.02    0.00    2.08 v _29191_/A3 (OAI33_X1)
     3    8.81    0.11    0.12    2.20 ^ _29191_/ZN (OAI33_X1)
                                         _05731_ (net)
                  0.11    0.00    2.20 ^ _29335_/C1 (AOI221_X2)
     2    3.06    0.03    0.02    2.22 v _29335_/ZN (AOI221_X2)
                                         _05873_ (net)
                  0.03    0.00    2.22 v _29352_/A2 (OR4_X1)
     3    5.21    0.02    0.12    2.34 v _29352_/ZN (OR4_X1)
                                         _05890_ (net)
                  0.02    0.00    2.34 v _29375_/A1 (NOR3_X2)
     3    7.21    0.04    0.05    2.39 ^ _29375_/ZN (NOR3_X2)
                                         _05913_ (net)
                  0.04    0.00    2.39 ^ _29398_/A2 (NAND3_X2)
     3    7.16    0.02    0.04    2.43 v _29398_/ZN (NAND3_X2)
                                         _05936_ (net)
                  0.02    0.00    2.43 v _29399_/B (XNOR2_X2)
     9   17.55    0.05    0.07    2.50 ^ _29399_/ZN (XNOR2_X2)
                                         _05937_ (net)
                  0.05    0.00    2.50 ^ _39037_/A (INV_X1)
     1    3.20    0.01    0.01    2.52 v _39037_/ZN (INV_X1)
                                         _22409_ (net)
                  0.01    0.00    2.52 v _41975_/A (HA_X1)
     2    5.13    0.01    0.04    2.55 v _41975_/CO (HA_X1)
                                         _22411_ (net)
                  0.01    0.00    2.55 v _41978_/B (HA_X1)
     2    4.11    0.01    0.04    2.59 v _41978_/CO (HA_X1)
                                         _22419_ (net)
                  0.01    0.00    2.59 v _29527_/A1 (NAND3_X1)
     1    4.50    0.02    0.02    2.61 ^ _29527_/ZN (NAND3_X1)
                                         _06048_ (net)
                  0.02    0.00    2.61 ^ _29528_/B (XOR2_X2)
     3    6.57    0.03    0.06    2.67 ^ _29528_/Z (XOR2_X2)
                                         _06049_ (net)
                  0.03    0.00    2.67 ^ _29530_/B2 (OAI21_X1)
     1    2.95    0.01    0.02    2.69 v _29530_/ZN (OAI21_X1)
                                         _06051_ (net)
                  0.01    0.00    2.69 v _29535_/B1 (AOI222_X2)
     1    1.80    0.04    0.07    2.76 ^ _29535_/ZN (AOI222_X2)
                                         _06056_ (net)
                  0.04    0.00    2.76 ^ _29536_/A (INV_X1)
     1    1.29    0.01    0.01    2.77 v _29536_/ZN (INV_X1)
                                         _00165_ (net)
                  0.01    0.00    2.77 v g_reduce1[4].adder.x[14]$_DFF_PN0_/D (DFFR_X2)
                                  2.77   data arrival time

                  0.00    3.00    3.00   clock clk (rise edge)
                          0.15    3.15   clock network delay (ideal)
                         -0.01    3.13   clock uncertainty
                          0.00    3.13   clock reconvergence pessimism
                                  3.13 ^ g_reduce1[4].adder.x[14]$_DFF_PN0_/CK (DFFR_X2)
                         -0.04    3.09   library setup time
                                  3.09   data required time
-----------------------------------------------------------------------------
                                  3.09   data required time
                                 -2.77   data arrival time
-----------------------------------------------------------------------------
                                  0.32   slack (MET)



==========================================================================
resizer report_check_types -max_slew -max_cap -max_fanout -violators
--------------------------------------------------------------------------
max capacitance

Pin                                    Limit     Cap   Slack
------------------------------------------------------------
rst                                     6.00   27.03  -21.03 (VIOLATED)


==========================================================================
resizer max_slew_check_slack
--------------------------------------------------------------------------
0.07812659442424774

==========================================================================
resizer max_slew_check_limit
--------------------------------------------------------------------------
0.1985349953174591

==========================================================================
resizer max_slew_check_slack_limit
--------------------------------------------------------------------------
0.3935

==========================================================================
resizer max_fanout_check_slack
--------------------------------------------------------------------------
31.0

==========================================================================
resizer max_fanout_check_limit
--------------------------------------------------------------------------
32.0

==========================================================================
resizer max_fanout_check_slack_limit
--------------------------------------------------------------------------
0.9688

==========================================================================
resizer max_capacitance_check_slack
--------------------------------------------------------------------------
-21.027339935302734

==========================================================================
resizer max_capacitance_check_limit
--------------------------------------------------------------------------
6.0

==========================================================================
resizer max_capacitance_check_slack_limit
--------------------------------------------------------------------------
-3.5046

==========================================================================
resizer max_slew_violation_count
--------------------------------------------------------------------------
max slew violation count 0

==========================================================================
resizer max_fanout_violation_count
--------------------------------------------------------------------------
max fanout violation count 0

==========================================================================
resizer max_cap_violation_count
--------------------------------------------------------------------------
max cap violation count 1

==========================================================================
resizer setup_violation_count
--------------------------------------------------------------------------
setup violation count 0

==========================================================================
resizer hold_violation_count
--------------------------------------------------------------------------
hold violation count 0

==========================================================================
resizer report_checks -path_delay max reg to reg
--------------------------------------------------------------------------
Startpoint: g_reduce0[8].adder.x[14]$_DFF_PN0_
            (rising edge-triggered flip-flop clocked by clk)
Endpoint: g_reduce1[4].adder.x[14]$_DFF_PN0_
          (rising edge-triggered flip-flop clocked by clk)
Path Group: clk
Path Type: max

  Delay    Time   Description
---------------------------------------------------------
   0.00    0.00   clock clk (rise edge)
   0.15    0.15   clock network delay (ideal)
   0.00    0.15 ^ g_reduce0[8].adder.x[14]$_DFF_PN0_/CK (DFFR_X1)
   0.11    0.26 ^ g_reduce0[8].adder.x[14]$_DFF_PN0_/Q (DFFR_X1)
   0.16    0.42 ^ _41949_/S (HA_X1)
   0.02    0.44 v _28753_/ZN (INV_X4)
   0.10    0.54 v _28759_/ZN (OR4_X1)
   0.04    0.58 v _28760_/Z (BUF_X4)
   0.05    0.62 v _28800_/ZN (OR2_X2)
   0.06    0.69 ^ _28801_/ZN (OAI22_X4)
   0.04    0.72 ^ _28802_/Z (BUF_X8)
   0.03    0.75 ^ _28803_/Z (BUF_X8)
   0.04    0.79 ^ _28843_/Z (CLKBUF_X3)
   0.04    0.83 ^ _39019_/Z (BUF_X2)
   0.02    0.85 v _39274_/ZN (AOI21_X1)
   0.06    0.91 v _41948_/S (HA_X1)
   0.05    0.96 v _28847_/Z (CLKBUF_X3)
   0.04    1.00 ^ _28848_/ZN (INV_X2)
   0.06    1.06 v _28906_/Z (MUX2_X1)
   0.06    1.11 v _28907_/Z (MUX2_X1)
   0.06    1.17 v _28911_/Z (MUX2_X1)
   0.06    1.23 v _28912_/ZN (OR2_X1)
   0.03    1.26 ^ _28913_/ZN (INV_X1)
   0.06    1.32 ^ _39516_/CO (FA_X1)
   0.02    1.34 v _28974_/ZN (AOI21_X1)
   0.04    1.38 ^ _28977_/ZN (OAI21_X2)
   0.02    1.40 v _28979_/ZN (AOI21_X2)
   0.11    1.51 v _29047_/ZN (OR4_X2)
   0.05    1.56 v _29081_/ZN (AND4_X2)
   0.03    1.59 ^ _29088_/ZN (NOR2_X1)
   0.02    1.60 v _29089_/ZN (AOI221_X1)
   0.05    1.65 v _29090_/Z (CLKBUF_X3)
   0.04    1.69 ^ _29091_/ZN (NOR2_X1)
   0.01    1.70 v _29096_/ZN (NOR2_X1)
   0.07    1.77 v _29110_/Z (MUX2_X2)
   0.03    1.80 ^ _29132_/ZN (NAND2_X2)
   0.09    1.89 ^ _41970_/S (HA_X1)
   0.06    1.95 ^ _29162_/Z (CLKBUF_X3)
   0.02    1.96 v _29163_/ZN (INV_X2)
   0.10    2.06 ^ _29164_/ZN (AOI221_X2)
   0.02    2.08 v _29184_/ZN (NAND2_X1)
   0.12    2.20 ^ _29191_/ZN (OAI33_X1)
   0.02    2.22 v _29335_/ZN (AOI221_X2)
   0.12    2.34 v _29352_/ZN (OR4_X1)
   0.05    2.39 ^ _29375_/ZN (NOR3_X2)
   0.04    2.43 v _29398_/ZN (NAND3_X2)
   0.07    2.50 ^ _29399_/ZN (XNOR2_X2)
   0.01    2.52 v _39037_/ZN (INV_X1)
   0.04    2.55 v _41975_/CO (HA_X1)
   0.04    2.59 v _41978_/CO (HA_X1)
   0.02    2.61 ^ _29527_/ZN (NAND3_X1)
   0.06    2.67 ^ _29528_/Z (XOR2_X2)
   0.03    2.69 v _29530_/ZN (OAI21_X1)
   0.07    2.76 ^ _29535_/ZN (AOI222_X2)
   0.01    2.77 v _29536_/ZN (INV_X1)
   0.00    2.77 v g_reduce1[4].adder.x[14]$_DFF_PN0_/D (DFFR_X2)
           2.77   data arrival time

   3.00    3.00   clock clk (rise edge)
   0.15    3.15   clock network delay (ideal)
  -0.01    3.13   clock uncertainty
   0.00    3.13   clock reconvergence pessimism
           3.13 ^ g_reduce1[4].adder.x[14]$_DFF_PN0_/CK (DFFR_X2)
  -0.04    3.09   library setup time
           3.09   data required time
---------------------------------------------------------
           3.09   data required time
          -2.77   data arrival time
---------------------------------------------------------
           0.32   slack (MET)



==========================================================================
resizer report_checks -path_delay min reg to reg
--------------------------------------------------------------------------
Startpoint: g_row[0].g_col[3].mult.stage1.sign$_DFF_PN0_
            (rising edge-triggered flip-flop clocked by clk)
Endpoint: g_row[0].g_col[3].mult.x[15]$_DFF_PN0_
          (rising edge-triggered flip-flop clocked by clk)
Path Group: clk
Path Type: min

  Delay    Time   Description
---------------------------------------------------------
   0.00    0.00   clock clk (rise edge)
   0.15    0.15   clock network delay (ideal)
   0.00    0.15 ^ g_row[0].g_col[3].mult.stage1.sign$_DFF_PN0_/CK (DFFR_X1)
   0.08    0.23 v g_row[0].g_col[3].mult.stage1.sign$_DFF_PN0_/Q (DFFR_X1)
   0.00    0.23 v g_row[0].g_col[3].mult.x[15]$_DFF_PN0_/D (DFFR_X1)
           0.23   data arrival time

   0.00    0.00   clock clk (rise edge)
   0.15    0.15   clock network delay (ideal)
   0.01    0.17   clock uncertainty
   0.00    0.17   clock reconvergence pessimism
           0.17 ^ g_row[0].g_col[3].mult.x[15]$_DFF_PN0_/CK (DFFR_X1)
   0.00    0.17   library hold time
           0.17   data required time
---------------------------------------------------------
           0.17   data required time
          -0.23   data arrival time
---------------------------------------------------------
           0.07   slack (MET)



==========================================================================
resizer critical path target clock latency max path
--------------------------------------------------------------------------
0.1500

==========================================================================
resizer critical path target clock latency min path
--------------------------------------------------------------------------
0

==========================================================================
resizer critical path source clock latency min path
--------------------------------------------------------------------------
0

==========================================================================
resizer critical path delay
--------------------------------------------------------------------------
2.7716

==========================================================================
resizer critical path slack
--------------------------------------------------------------------------
0.3214

==========================================================================
resizer slack div critical path delay
--------------------------------------------------------------------------
11.596190

==========================================================================
resizer report_power
--------------------------------------------------------------------------
Group                  Internal  Switching    Leakage      Total
                          Power      Power      Power      Power (Watts)
----------------------------------------------------------------
Sequential             5.99e-03   1.30e-03   1.12e-04   7.40e-03   4.0%
Combinational          8.98e-02   8.84e-02   7.61e-04   1.79e-01  96.0%
Clock                  0.00e+00   0.00e+00   0.00e+00   0.00e+00   0.0%
Macro                  0.00e+00   0.00e+00   0.00e+00   0.00e+00   0.0%
Pad                    0.00e+00   0.00e+00   0.00e+00   0.00e+00   0.0%
----------------------------------------------------------------
Total                  9.58e-02   8.97e-02   8.73e-04   1.86e-01 100.0%
                          51.4%      48.1%       0.5%
