
==========================================================================
cts final report_tns
--------------------------------------------------------------------------
tns 0.00

==========================================================================
cts final report_wns
--------------------------------------------------------------------------
wns 0.00

==========================================================================
cts final report_worst_slack
--------------------------------------------------------------------------
worst slack 0.29

==========================================================================
cts final report_clock_skew
--------------------------------------------------------------------------
Clock clk
   0.39 source latency g_row[0].g_col[3].mult.stage1.expa[4]$_DFF_PN0_/CK ^
  -0.37 target latency g_row[0].g_col[3].mult.x[3]$_DFF_PN0_/CK ^
   0.01 clock uncertainty
   0.00 CRPR
--------------
   0.03 setup skew


==========================================================================
cts final report_checks -path_delay min
--------------------------------------------------------------------------
Startpoint: g_row[1].g_col[3].mult.stage1.sign$_DFF_PN0_
            (rising edge-triggered flip-flop clocked by clk)
Endpoint: g_row[1].g_col[3].mult.x[15]$_DFF_PN0_
          (rising edge-triggered flip-flop clocked by clk)
Path Group: clk
Path Type: min

Fanout     Cap    Slew   Delay    Time   Description
-----------------------------------------------------------------------------
                          0.00    0.00   clock clk (rise edge)
                          0.15    0.15   clock source latency
     1   24.91    0.00    0.00    0.15 ^ clk (in)
                                         clk (net)
                  0.00    0.00    0.15 ^ clkbuf_0_clk/A (CLKBUF_X3)
    16   91.00    0.07    0.10    0.25 ^ clkbuf_0_clk/Z (CLKBUF_X3)
                                         clknet_0_clk (net)
                  0.07    0.00    0.25 ^ clkbuf_4_13_0_clk/A (CLKBUF_X3)
    12   38.07    0.03    0.08    0.33 ^ clkbuf_4_13_0_clk/Z (CLKBUF_X3)
                                         clknet_4_13_0_clk (net)
                  0.03    0.00    0.33 ^ clkbuf_leaf_105_clk/A (CLKBUF_X3)
     5   10.15    0.01    0.04    0.37 ^ clkbuf_leaf_105_clk/Z (CLKBUF_X3)
                                         clknet_leaf_105_clk (net)
                  0.01    0.00    0.37 ^ g_row[1].g_col[3].mult.stage1.sign$_DFF_PN0_/CK (DFFR_X1)
     1    4.05    0.01    0.09    0.47 v g_row[1].g_col[3].mult.stage1.sign$_DFF_PN0_/Q (DFFR_X1)
                                         g_row[1].g_col[3].mult.sign (net)
                  0.01    0.00    0.47 v g_row[1].g_col[3].mult.x[15]$_DFF_PN0_/D (DFFR_X2)
                                  0.47   data arrival time

                          0.00    0.00   clock clk (rise edge)
                          0.15    0.15   clock source latency
     1   24.91    0.00    0.00    0.15 ^ clk (in)
                                         clk (net)
                  0.00    0.00    0.15 ^ clkbuf_0_clk/A (CLKBUF_X3)
    16   91.00    0.07    0.10    0.25 ^ clkbuf_0_clk/Z (CLKBUF_X3)
                                         clknet_0_clk (net)
                  0.07    0.00    0.25 ^ clkbuf_4_15_0_clk/A (CLKBUF_X3)
    15   44.42    0.04    0.08    0.34 ^ clkbuf_4_15_0_clk/Z (CLKBUF_X3)
                                         clknet_4_15_0_clk (net)
                  0.04    0.00    0.34 ^ clkbuf_leaf_100_clk/A (CLKBUF_X3)
     6    9.39    0.01    0.05    0.38 ^ clkbuf_leaf_100_clk/Z (CLKBUF_X3)
                                         clknet_leaf_100_clk (net)
                  0.01    0.00    0.38 ^ g_row[1].g_col[3].mult.x[15]$_DFF_PN0_/CK (DFFR_X2)
                          0.01    0.40   clock uncertainty
                          0.00    0.40   clock reconvergence pessimism
                          0.00    0.40   library hold time
                                  0.40   data required time
-----------------------------------------------------------------------------
                                  0.40   data required time
                                 -0.47   data arrival time
-----------------------------------------------------------------------------
                                  0.07   slack (MET)



==========================================================================
cts final report_checks -path_delay max
--------------------------------------------------------------------------
Startpoint: rst (input port clocked by clk)
Endpoint: g_row[0].g_col[2].mult.stage1.expb[4]$_DFF_PN0_
          (recovery check against rising-edge clock clk)
Path Group: asynchronous
Path Type: max

Fanout     Cap    Slew   Delay    Time   Description
-----------------------------------------------------------------------------
                          0.00    0.00   clock clk (rise edge)
                          0.15    0.15   clock network delay (propagated)
                          0.15    0.30 ^ input external delay
     1   27.02    0.00    0.00    0.30 ^ rst (in)
                                         rst (net)
                  0.00    0.00    0.30 ^ input276/A (BUF_X32)
   117  308.55    0.01    0.02    0.32 ^ input276/Z (BUF_X32)
                                         net276 (net)
                  0.01    0.01    0.33 ^ max_length351/A (BUF_X32)
   163  402.77    0.01    0.02    0.35 ^ max_length351/Z (BUF_X32)
                                         net351 (net)
                  0.11    0.09    0.44 ^ max_length347/A (BUF_X32)
   137  340.47    0.01    0.04    0.47 ^ max_length347/Z (BUF_X32)
                                         net347 (net)
                  0.11    0.09    0.57 ^ max_length346/A (BUF_X32)
   202  441.08    0.02    0.04    0.60 ^ max_length346/Z (BUF_X32)
                                         net346 (net)
                  0.10    0.08    0.68 ^ g_row[0].g_col[2].mult.stage1.expb[4]$_DFF_PN0_/RN (DFFR_X1)
                                  0.68   data arrival time

                          3.00    3.00   clock clk (rise edge)
                          0.15    3.15   clock source latency
     1   24.91    0.00    0.00    3.15 ^ clk (in)
                                         clk (net)
                  0.00    0.00    3.15 ^ clkbuf_0_clk/A (CLKBUF_X3)
    16   91.00    0.07    0.10    3.25 ^ clkbuf_0_clk/Z (CLKBUF_X3)
                                         clknet_0_clk (net)
                  0.07    0.00    3.25 ^ clkbuf_4_14_0_clk/A (CLKBUF_X3)
    13   37.82    0.03    0.08    3.33 ^ clkbuf_4_14_0_clk/Z (CLKBUF_X3)
                                         clknet_4_14_0_clk (net)
                  0.03    0.00    3.33 ^ clkbuf_leaf_88_clk/A (CLKBUF_X3)
     8    9.32    0.01    0.04    3.37 ^ clkbuf_leaf_88_clk/Z (CLKBUF_X3)
                                         clknet_leaf_88_clk (net)
                  0.01    0.00    3.37 ^ g_row[0].g_col[2].mult.stage1.expb[4]$_DFF_PN0_/CK (DFFR_X1)
                         -0.01    3.36   clock uncertainty
                          0.00    3.36   clock reconvergence pessimism
                          0.04    3.40   library recovery time
                                  3.40   data required time
-----------------------------------------------------------------------------
                                  3.40   data required time
                                 -0.68   data arrival time
-----------------------------------------------------------------------------
                                  2.72   slack (MET)


Startpoint: g_row[2].g_col[1].mult.x[12]$_DFF_PN0_
            (rising edge-triggered flip-flop clocked by clk)
Endpoint: g_reduce0[8].adder.x[14]$_DFF_PN0_
          (rising edge-triggered flip-flop clocked by clk)
Path Group: clk
Path Type: max

Fanout     Cap    Slew   Delay    Time   Description
-----------------------------------------------------------------------------
                          0.00    0.00   clock clk (rise edge)
                          0.15    0.15   clock source latency
     1   24.91    0.00    0.00    0.15 ^ clk (in)
                                         clk (net)
                  0.00    0.00    0.15 ^ clkbuf_0_clk/A (CLKBUF_X3)
    16   91.00    0.07    0.10    0.25 ^ clkbuf_0_clk/Z (CLKBUF_X3)
                                         clknet_0_clk (net)
                  0.07    0.00    0.25 ^ clkbuf_4_9_0_clk/A (CLKBUF_X3)
    11   32.41    0.03    0.07    0.33 ^ clkbuf_4_9_0_clk/Z (CLKBUF_X3)
                                         clknet_4_9_0_clk (net)
                  0.03    0.00    0.33 ^ clkbuf_leaf_28_clk/A (CLKBUF_X3)
     9   10.79    0.01    0.04    0.37 ^ clkbuf_leaf_28_clk/Z (CLKBUF_X3)
                                         clknet_leaf_28_clk (net)
                  0.01    0.00    0.37 ^ g_row[2].g_col[1].mult.x[12]$_DFF_PN0_/CK (DFFR_X2)
     6   17.01    0.02    0.15    0.52 ^ g_row[2].g_col[1].mult.x[12]$_DFF_PN0_/Q (DFFR_X2)
                                         g_reduce0[8].adder.b[12] (net)
                  0.02    0.00    0.52 ^ _41796_/A (HA_X1)
     1    1.71    0.02    0.05    0.57 ^ _41796_/S (HA_X1)
                                         _21852_ (net)
                  0.02    0.00    0.57 ^ _26485_/A (CLKBUF_X3)
     7   23.11    0.02    0.05    0.62 ^ _26485_/Z (CLKBUF_X3)
                                         _03197_ (net)
                  0.02    0.00    0.62 ^ _26513_/A3 (NAND4_X2)
     1    6.13    0.02    0.04    0.66 v _26513_/ZN (NAND4_X2)
                                         _03225_ (net)
                  0.02    0.00    0.66 v _26514_/A4 (NOR4_X4)
     2    7.90    0.05    0.09    0.75 ^ _26514_/ZN (NOR4_X4)
                                         _03226_ (net)
                  0.05    0.00    0.75 ^ _26527_/A2 (AND2_X1)
     1    3.69    0.01    0.05    0.79 ^ _26527_/ZN (AND2_X1)
                                         _03238_ (net)
                  0.01    0.00    0.79 ^ _26528_/A (BUF_X4)
     9   24.68    0.02    0.03    0.83 ^ _26528_/Z (BUF_X4)
                                         _03239_ (net)
                  0.02    0.00    0.83 ^ _26529_/A2 (NOR2_X4)
    10   21.83    0.01    0.02    0.84 v _26529_/ZN (NOR2_X4)
                                         _03240_ (net)
                  0.01    0.00    0.84 v _26562_/A (CLKBUF_X3)
    10   18.92    0.02    0.05    0.89 v _26562_/Z (CLKBUF_X3)
                                         _03272_ (net)
                  0.02    0.00    0.89 v _38980_/A (CLKBUF_X3)
    10   18.49    0.02    0.05    0.94 v _38980_/Z (CLKBUF_X3)
                                         _12020_ (net)
                  0.02    0.00    0.94 v _39226_/A3 (NOR3_X1)
     1    1.99    0.03    0.05    1.00 ^ _39226_/ZN (NOR3_X1)
                                         _12119_ (net)
                  0.03    0.00    1.00 ^ _39227_/A (AOI21_X1)
     1    3.49    0.01    0.02    1.02 v _39227_/ZN (AOI21_X1)
                                         _21886_ (net)
                  0.01    0.00    1.02 v _41808_/B (HA_X1)
     3    6.98    0.01    0.04    1.06 v _41808_/CO (HA_X1)
                                         _21887_ (net)
                  0.01    0.00    1.06 v _26581_/A1 (NOR2_X1)
     2    5.34    0.03    0.04    1.10 ^ _26581_/ZN (NOR2_X1)
                                         _03291_ (net)
                  0.03    0.00    1.10 ^ _26586_/A3 (AND3_X1)
     2    8.56    0.02    0.07    1.17 ^ _26586_/ZN (AND3_X1)
                                         _03296_ (net)
                  0.02    0.00    1.17 ^ _26587_/B2 (OAI21_X1)
     2    4.89    0.02    0.03    1.20 v _26587_/ZN (OAI21_X1)
                                         _03297_ (net)
                  0.02    0.00    1.20 v _26588_/A2 (NAND2_X2)
     4   11.44    0.02    0.03    1.23 ^ _26588_/ZN (NAND2_X2)
                                         _03298_ (net)
                  0.02    0.00    1.23 ^ _26589_/A (CLKBUF_X3)
    10   19.15    0.02    0.05    1.27 ^ _26589_/Z (CLKBUF_X3)
                                         _03299_ (net)
                  0.02    0.00    1.28 ^ _26614_/S (MUX2_X1)
     1    1.29    0.01    0.06    1.33 v _26614_/Z (MUX2_X1)
                                         _03322_ (net)
                  0.01    0.00    1.33 v _26617_/A (MUX2_X1)
     1    1.20    0.01    0.06    1.39 v _26617_/Z (MUX2_X1)
                                         _03325_ (net)
                  0.01    0.00    1.39 v _26618_/A2 (OR2_X1)
     3    8.07    0.02    0.06    1.45 v _26618_/ZN (OR2_X1)
                                         _14139_ (net)
                  0.02    0.00    1.45 v _26619_/A (INV_X1)
     2    7.30    0.02    0.03    1.48 ^ _26619_/ZN (INV_X1)
                                         _14133_ (net)
                  0.02    0.00    1.48 ^ _41810_/A (HA_X1)
     1    1.87    0.02    0.05    1.53 ^ _41810_/S (HA_X1)
                                         _21893_ (net)
                  0.02    0.00    1.53 ^ _26676_/B2 (AOI21_X1)
     1    3.50    0.01    0.02    1.56 v _26676_/ZN (AOI21_X1)
                                         _03366_ (net)
                  0.01    0.00    1.56 v _26677_/B2 (OAI21_X2)
     3    6.27    0.02    0.04    1.60 ^ _26677_/ZN (OAI21_X2)
                                         _03367_ (net)
                  0.02    0.00    1.60 ^ _26678_/A2 (AND2_X1)
     2    5.40    0.02    0.05    1.64 ^ _26678_/ZN (AND2_X1)
                                         _03368_ (net)
                  0.02    0.00    1.64 ^ _26687_/B1 (OAI221_X2)
     2    7.42    0.02    0.04    1.68 v _26687_/ZN (OAI221_X2)
                                         _03377_ (net)
                  0.02    0.00    1.68 v _26752_/A3 (NOR3_X2)
     1    6.42    0.04    0.07    1.75 ^ _26752_/ZN (NOR3_X2)
                                         _03442_ (net)
                  0.04    0.00    1.75 ^ _26753_/A3 (NOR3_X4)
     2    9.30    0.01    0.02    1.76 v _26753_/ZN (NOR3_X4)
                                         _03443_ (net)
                  0.01    0.00    1.76 v _26754_/B (XNOR2_X2)
     8   22.93    0.06    0.08    1.85 ^ _26754_/ZN (XNOR2_X2)
                                         _03444_ (net)
                  0.06    0.00    1.85 ^ _26781_/A (OAI21_X4)
     8   15.81    0.03    0.03    1.88 v _26781_/ZN (OAI21_X4)
                                         _03471_ (net)
                  0.03    0.00    1.88 v _26799_/A1 (NOR2_X2)
     6    9.35    0.03    0.05    1.93 ^ _26799_/ZN (NOR2_X2)
                                         _03489_ (net)
                  0.03    0.00    1.93 ^ _26803_/A1 (NAND2_X1)
     1    2.13    0.01    0.02    1.95 v _26803_/ZN (NAND2_X1)
                                         _03493_ (net)
                  0.01    0.00    1.95 v _26818_/A (MUX2_X2)
     3    9.51    0.01    0.06    2.01 v _26818_/Z (MUX2_X2)
                                         _03508_ (net)
                  0.01    0.00    2.01 v _26819_/A2 (NAND2_X2)
     4   16.26    0.02    0.03    2.05 ^ _26819_/ZN (NAND2_X2)
                                         _03509_ (net)
                  0.02    0.00    2.05 ^ _26820_/A2 (NAND2_X2)
     3   10.08    0.02    0.02    2.07 v _26820_/ZN (NAND2_X2)
                                         _21958_ (net)
                  0.02    0.00    2.07 v _26821_/A (INV_X2)
     4   14.60    0.02    0.03    2.10 ^ _26821_/ZN (INV_X2)
                                         _21960_ (net)
                  0.02    0.00    2.10 ^ _41832_/B (HA_X1)
     3    6.45    0.02    0.05    2.15 ^ _41832_/CO (HA_X1)
                                         _21963_ (net)
                  0.02    0.00    2.15 ^ _26834_/A1 (NOR2_X1)
     2    4.77    0.01    0.02    2.17 v _26834_/ZN (NOR2_X1)
                                         _03522_ (net)
                  0.01    0.00    2.17 v _26840_/B (OAI211_X2)
     1    1.83    0.02    0.02    2.19 ^ _26840_/ZN (OAI211_X2)
                                         _03528_ (net)
                  0.02    0.00    2.19 ^ _26841_/A (OAI21_X1)
     1    1.76    0.01    0.02    2.21 v _26841_/ZN (OAI21_X1)
                                         _03529_ (net)
                  0.01    0.00    2.21 v _26842_/A3 (OR3_X2)
     5   12.65    0.02    0.09    2.30 v _26842_/ZN (OR3_X2)
                                         _03530_ (net)
                  0.02    0.00    2.30 v _26934_/B2 (OAI21_X2)
     4    9.46    0.03    0.05    2.35 ^ _26934_/ZN (OAI21_X2)
                                         _03620_ (net)
                  0.03    0.00    2.35 ^ _27075_/A (AOI211_X2)
     1    1.07    0.01    0.02    2.37 v _27075_/ZN (AOI211_X2)
                                         _03759_ (net)
                  0.01    0.00    2.37 v _27078_/A3 (OR4_X1)
     2    3.15    0.02    0.12    2.48 v _27078_/ZN (OR4_X1)
                                         _03762_ (net)
                  0.02    0.00    2.48 v _27079_/A4 (AND4_X1)
     2    3.59    0.01    0.05    2.53 v _27079_/ZN (AND4_X1)
                                         _03763_ (net)
                  0.01    0.00    2.53 v _27080_/A3 (NOR3_X1)
     1    3.96    0.04    0.07    2.60 ^ _27080_/ZN (NOR3_X1)
                                         _03764_ (net)
                  0.04    0.00    2.60 ^ _27081_/A4 (NAND4_X2)
     3    8.32    0.03    0.05    2.64 v _27081_/ZN (NAND4_X2)
                                         _03765_ (net)
                  0.03    0.00    2.64 v _27082_/B (XOR2_X2)
     6   14.87    0.02    0.07    2.72 v _27082_/Z (XOR2_X2)
                                         _03766_ (net)
                  0.02    0.00    2.72 v _27096_/A (INV_X4)
     7   15.19    0.01    0.02    2.74 ^ _27096_/ZN (INV_X4)
                                         _21972_ (net)
                  0.01    0.00    2.74 ^ _41835_/B (HA_X1)
     2    5.95    0.02    0.04    2.79 ^ _41835_/CO (HA_X1)
                                         _21973_ (net)
                  0.02    0.00    2.79 ^ _41838_/B (HA_X1)
     2    3.95    0.01    0.04    2.82 ^ _41838_/CO (HA_X1)
                                         _21981_ (net)
                  0.01    0.00    2.82 ^ _27197_/A1 (NAND3_X1)
     1    4.79    0.02    0.03    2.85 v _27197_/ZN (NAND3_X1)
                                         _03863_ (net)
                  0.02    0.00    2.85 v _27198_/B (XOR2_X2)
     3    4.95    0.01    0.06    2.91 v _27198_/Z (XOR2_X2)
                                         _03864_ (net)
                  0.01    0.00    2.91 v _27199_/S (MUX2_X1)
     1    1.64    0.01    0.05    2.97 ^ _27199_/Z (MUX2_X1)
                                         _03865_ (net)
                  0.01    0.00    2.97 ^ _27200_/B2 (OAI22_X1)
     1    1.82    0.01    0.02    2.99 v _27200_/ZN (OAI22_X1)
                                         _03866_ (net)
                  0.01    0.00    2.99 v _27205_/A (AOI21_X1)
     1    1.81    0.02    0.04    3.03 ^ _27205_/ZN (AOI21_X1)
                                         _00117_ (net)
                  0.02    0.00    3.03 ^ g_reduce0[8].adder.x[14]$_DFF_PN0_/D (DFFR_X1)
                                  3.03   data arrival time

                          3.00    3.00   clock clk (rise edge)
                          0.15    3.15   clock source latency
     1   24.91    0.00    0.00    3.15 ^ clk (in)
                                         clk (net)
                  0.00    0.00    3.15 ^ clkbuf_0_clk/A (CLKBUF_X3)
    16   91.00    0.07    0.10    3.25 ^ clkbuf_0_clk/Z (CLKBUF_X3)
                                         clknet_0_clk (net)
                  0.07    0.00    3.25 ^ clkbuf_4_9_0_clk/A (CLKBUF_X3)
    11   32.41    0.03    0.07    3.33 ^ clkbuf_4_9_0_clk/Z (CLKBUF_X3)
                                         clknet_4_9_0_clk (net)
                  0.03    0.00    3.33 ^ clkbuf_leaf_24_clk/A (CLKBUF_X3)
     8   10.04    0.01    0.04    3.37 ^ clkbuf_leaf_24_clk/Z (CLKBUF_X3)
                                         clknet_leaf_24_clk (net)
                  0.01    0.00    3.37 ^ g_reduce0[8].adder.x[14]$_DFF_PN0_/CK (DFFR_X1)
                         -0.01    3.35   clock uncertainty
                          0.00    3.35   clock reconvergence pessimism
                         -0.04    3.32   library setup time
                                  3.32   data required time
-----------------------------------------------------------------------------
                                  3.32   data required time
                                 -3.03   data arrival time
-----------------------------------------------------------------------------
                                  0.29   slack (MET)



==========================================================================
cts final report_checks -unconstrained
--------------------------------------------------------------------------
Startpoint: rst (input port clocked by clk)
Endpoint: g_row[0].g_col[2].mult.stage1.expb[4]$_DFF_PN0_
          (recovery check against rising-edge clock clk)
Path Group: asynchronous
Path Type: max

Fanout     Cap    Slew   Delay    Time   Description
-----------------------------------------------------------------------------
                          0.00    0.00   clock clk (rise edge)
                          0.15    0.15   clock network delay (propagated)
                          0.15    0.30 ^ input external delay
     1   27.02    0.00    0.00    0.30 ^ rst (in)
                                         rst (net)
                  0.00    0.00    0.30 ^ input276/A (BUF_X32)
   117  308.55    0.01    0.02    0.32 ^ input276/Z (BUF_X32)
                                         net276 (net)
                  0.01    0.01    0.33 ^ max_length351/A (BUF_X32)
   163  402.77    0.01    0.02    0.35 ^ max_length351/Z (BUF_X32)
                                         net351 (net)
                  0.11    0.09    0.44 ^ max_length347/A (BUF_X32)
   137  340.47    0.01    0.04    0.47 ^ max_length347/Z (BUF_X32)
                                         net347 (net)
                  0.11    0.09    0.57 ^ max_length346/A (BUF_X32)
   202  441.08    0.02    0.04    0.60 ^ max_length346/Z (BUF_X32)
                                         net346 (net)
                  0.10    0.08    0.68 ^ g_row[0].g_col[2].mult.stage1.expb[4]$_DFF_PN0_/RN (DFFR_X1)
                                  0.68   data arrival time

                          3.00    3.00   clock clk (rise edge)
                          0.15    3.15   clock source latency
     1   24.91    0.00    0.00    3.15 ^ clk (in)
                                         clk (net)
                  0.00    0.00    3.15 ^ clkbuf_0_clk/A (CLKBUF_X3)
    16   91.00    0.07    0.10    3.25 ^ clkbuf_0_clk/Z (CLKBUF_X3)
                                         clknet_0_clk (net)
                  0.07    0.00    3.25 ^ clkbuf_4_14_0_clk/A (CLKBUF_X3)
    13   37.82    0.03    0.08    3.33 ^ clkbuf_4_14_0_clk/Z (CLKBUF_X3)
                                         clknet_4_14_0_clk (net)
                  0.03    0.00    3.33 ^ clkbuf_leaf_88_clk/A (CLKBUF_X3)
     8    9.32    0.01    0.04    3.37 ^ clkbuf_leaf_88_clk/Z (CLKBUF_X3)
                                         clknet_leaf_88_clk (net)
                  0.01    0.00    3.37 ^ g_row[0].g_col[2].mult.stage1.expb[4]$_DFF_PN0_/CK (DFFR_X1)
                         -0.01    3.36   clock uncertainty
                          0.00    3.36   clock reconvergence pessimism
                          0.04    3.40   library recovery time
                                  3.40   data required time
-----------------------------------------------------------------------------
                                  3.40   data required time
                                 -0.68   data arrival time
-----------------------------------------------------------------------------
                                  2.72   slack (MET)


Startpoint: g_row[2].g_col[1].mult.x[12]$_DFF_PN0_
            (rising edge-triggered flip-flop clocked by clk)
Endpoint: g_reduce0[8].adder.x[14]$_DFF_PN0_
          (rising edge-triggered flip-flop clocked by clk)
Path Group: clk
Path Type: max

Fanout     Cap    Slew   Delay    Time   Description
-----------------------------------------------------------------------------
                          0.00    0.00   clock clk (rise edge)
                          0.15    0.15   clock source latency
     1   24.91    0.00    0.00    0.15 ^ clk (in)
                                         clk (net)
                  0.00    0.00    0.15 ^ clkbuf_0_clk/A (CLKBUF_X3)
    16   91.00    0.07    0.10    0.25 ^ clkbuf_0_clk/Z (CLKBUF_X3)
                                         clknet_0_clk (net)
                  0.07    0.00    0.25 ^ clkbuf_4_9_0_clk/A (CLKBUF_X3)
    11   32.41    0.03    0.07    0.33 ^ clkbuf_4_9_0_clk/Z (CLKBUF_X3)
                                         clknet_4_9_0_clk (net)
                  0.03    0.00    0.33 ^ clkbuf_leaf_28_clk/A (CLKBUF_X3)
     9   10.79    0.01    0.04    0.37 ^ clkbuf_leaf_28_clk/Z (CLKBUF_X3)
                                         clknet_leaf_28_clk (net)
                  0.01    0.00    0.37 ^ g_row[2].g_col[1].mult.x[12]$_DFF_PN0_/CK (DFFR_X2)
     6   17.01    0.02    0.15    0.52 ^ g_row[2].g_col[1].mult.x[12]$_DFF_PN0_/Q (DFFR_X2)
                                         g_reduce0[8].adder.b[12] (net)
                  0.02    0.00    0.52 ^ _41796_/A (HA_X1)
     1    1.71    0.02    0.05    0.57 ^ _41796_/S (HA_X1)
                                         _21852_ (net)
                  0.02    0.00    0.57 ^ _26485_/A (CLKBUF_X3)
     7   23.11    0.02    0.05    0.62 ^ _26485_/Z (CLKBUF_X3)
                                         _03197_ (net)
                  0.02    0.00    0.62 ^ _26513_/A3 (NAND4_X2)
     1    6.13    0.02    0.04    0.66 v _26513_/ZN (NAND4_X2)
                                         _03225_ (net)
                  0.02    0.00    0.66 v _26514_/A4 (NOR4_X4)
     2    7.90    0.05    0.09    0.75 ^ _26514_/ZN (NOR4_X4)
                                         _03226_ (net)
                  0.05    0.00    0.75 ^ _26527_/A2 (AND2_X1)
     1    3.69    0.01    0.05    0.79 ^ _26527_/ZN (AND2_X1)
                                         _03238_ (net)
                  0.01    0.00    0.79 ^ _26528_/A (BUF_X4)
     9   24.68    0.02    0.03    0.83 ^ _26528_/Z (BUF_X4)
                                         _03239_ (net)
                  0.02    0.00    0.83 ^ _26529_/A2 (NOR2_X4)
    10   21.83    0.01    0.02    0.84 v _26529_/ZN (NOR2_X4)
                                         _03240_ (net)
                  0.01    0.00    0.84 v _26562_/A (CLKBUF_X3)
    10   18.92    0.02    0.05    0.89 v _26562_/Z (CLKBUF_X3)
                                         _03272_ (net)
                  0.02    0.00    0.89 v _38980_/A (CLKBUF_X3)
    10   18.49    0.02    0.05    0.94 v _38980_/Z (CLKBUF_X3)
                                         _12020_ (net)
                  0.02    0.00    0.94 v _39226_/A3 (NOR3_X1)
     1    1.99    0.03    0.05    1.00 ^ _39226_/ZN (NOR3_X1)
                                         _12119_ (net)
                  0.03    0.00    1.00 ^ _39227_/A (AOI21_X1)
     1    3.49    0.01    0.02    1.02 v _39227_/ZN (AOI21_X1)
                                         _21886_ (net)
                  0.01    0.00    1.02 v _41808_/B (HA_X1)
     3    6.98    0.01    0.04    1.06 v _41808_/CO (HA_X1)
                                         _21887_ (net)
                  0.01    0.00    1.06 v _26581_/A1 (NOR2_X1)
     2    5.34    0.03    0.04    1.10 ^ _26581_/ZN (NOR2_X1)
                                         _03291_ (net)
                  0.03    0.00    1.10 ^ _26586_/A3 (AND3_X1)
     2    8.56    0.02    0.07    1.17 ^ _26586_/ZN (AND3_X1)
                                         _03296_ (net)
                  0.02    0.00    1.17 ^ _26587_/B2 (OAI21_X1)
     2    4.89    0.02    0.03    1.20 v _26587_/ZN (OAI21_X1)
                                         _03297_ (net)
                  0.02    0.00    1.20 v _26588_/A2 (NAND2_X2)
     4   11.44    0.02    0.03    1.23 ^ _26588_/ZN (NAND2_X2)
                                         _03298_ (net)
                  0.02    0.00    1.23 ^ _26589_/A (CLKBUF_X3)
    10   19.15    0.02    0.05    1.27 ^ _26589_/Z (CLKBUF_X3)
                                         _03299_ (net)
                  0.02    0.00    1.28 ^ _26614_/S (MUX2_X1)
     1    1.29    0.01    0.06    1.33 v _26614_/Z (MUX2_X1)
                                         _03322_ (net)
                  0.01    0.00    1.33 v _26617_/A (MUX2_X1)
     1    1.20    0.01    0.06    1.39 v _26617_/Z (MUX2_X1)
                                         _03325_ (net)
                  0.01    0.00    1.39 v _26618_/A2 (OR2_X1)
     3    8.07    0.02    0.06    1.45 v _26618_/ZN (OR2_X1)
                                         _14139_ (net)
                  0.02    0.00    1.45 v _26619_/A (INV_X1)
     2    7.30    0.02    0.03    1.48 ^ _26619_/ZN (INV_X1)
                                         _14133_ (net)
                  0.02    0.00    1.48 ^ _41810_/A (HA_X1)
     1    1.87    0.02    0.05    1.53 ^ _41810_/S (HA_X1)
                                         _21893_ (net)
                  0.02    0.00    1.53 ^ _26676_/B2 (AOI21_X1)
     1    3.50    0.01    0.02    1.56 v _26676_/ZN (AOI21_X1)
                                         _03366_ (net)
                  0.01    0.00    1.56 v _26677_/B2 (OAI21_X2)
     3    6.27    0.02    0.04    1.60 ^ _26677_/ZN (OAI21_X2)
                                         _03367_ (net)
                  0.02    0.00    1.60 ^ _26678_/A2 (AND2_X1)
     2    5.40    0.02    0.05    1.64 ^ _26678_/ZN (AND2_X1)
                                         _03368_ (net)
                  0.02    0.00    1.64 ^ _26687_/B1 (OAI221_X2)
     2    7.42    0.02    0.04    1.68 v _26687_/ZN (OAI221_X2)
                                         _03377_ (net)
                  0.02    0.00    1.68 v _26752_/A3 (NOR3_X2)
     1    6.42    0.04    0.07    1.75 ^ _26752_/ZN (NOR3_X2)
                                         _03442_ (net)
                  0.04    0.00    1.75 ^ _26753_/A3 (NOR3_X4)
     2    9.30    0.01    0.02    1.76 v _26753_/ZN (NOR3_X4)
                                         _03443_ (net)
                  0.01    0.00    1.76 v _26754_/B (XNOR2_X2)
     8   22.93    0.06    0.08    1.85 ^ _26754_/ZN (XNOR2_X2)
                                         _03444_ (net)
                  0.06    0.00    1.85 ^ _26781_/A (OAI21_X4)
     8   15.81    0.03    0.03    1.88 v _26781_/ZN (OAI21_X4)
                                         _03471_ (net)
                  0.03    0.00    1.88 v _26799_/A1 (NOR2_X2)
     6    9.35    0.03    0.05    1.93 ^ _26799_/ZN (NOR2_X2)
                                         _03489_ (net)
                  0.03    0.00    1.93 ^ _26803_/A1 (NAND2_X1)
     1    2.13    0.01    0.02    1.95 v _26803_/ZN (NAND2_X1)
                                         _03493_ (net)
                  0.01    0.00    1.95 v _26818_/A (MUX2_X2)
     3    9.51    0.01    0.06    2.01 v _26818_/Z (MUX2_X2)
                                         _03508_ (net)
                  0.01    0.00    2.01 v _26819_/A2 (NAND2_X2)
     4   16.26    0.02    0.03    2.05 ^ _26819_/ZN (NAND2_X2)
                                         _03509_ (net)
                  0.02    0.00    2.05 ^ _26820_/A2 (NAND2_X2)
     3   10.08    0.02    0.02    2.07 v _26820_/ZN (NAND2_X2)
                                         _21958_ (net)
                  0.02    0.00    2.07 v _26821_/A (INV_X2)
     4   14.60    0.02    0.03    2.10 ^ _26821_/ZN (INV_X2)
                                         _21960_ (net)
                  0.02    0.00    2.10 ^ _41832_/B (HA_X1)
     3    6.45    0.02    0.05    2.15 ^ _41832_/CO (HA_X1)
                                         _21963_ (net)
                  0.02    0.00    2.15 ^ _26834_/A1 (NOR2_X1)
     2    4.77    0.01    0.02    2.17 v _26834_/ZN (NOR2_X1)
                                         _03522_ (net)
                  0.01    0.00    2.17 v _26840_/B (OAI211_X2)
     1    1.83    0.02    0.02    2.19 ^ _26840_/ZN (OAI211_X2)
                                         _03528_ (net)
                  0.02    0.00    2.19 ^ _26841_/A (OAI21_X1)
     1    1.76    0.01    0.02    2.21 v _26841_/ZN (OAI21_X1)
                                         _03529_ (net)
                  0.01    0.00    2.21 v _26842_/A3 (OR3_X2)
     5   12.65    0.02    0.09    2.30 v _26842_/ZN (OR3_X2)
                                         _03530_ (net)
                  0.02    0.00    2.30 v _26934_/B2 (OAI21_X2)
     4    9.46    0.03    0.05    2.35 ^ _26934_/ZN (OAI21_X2)
                                         _03620_ (net)
                  0.03    0.00    2.35 ^ _27075_/A (AOI211_X2)
     1    1.07    0.01    0.02    2.37 v _27075_/ZN (AOI211_X2)
                                         _03759_ (net)
                  0.01    0.00    2.37 v _27078_/A3 (OR4_X1)
     2    3.15    0.02    0.12    2.48 v _27078_/ZN (OR4_X1)
                                         _03762_ (net)
                  0.02    0.00    2.48 v _27079_/A4 (AND4_X1)
     2    3.59    0.01    0.05    2.53 v _27079_/ZN (AND4_X1)
                                         _03763_ (net)
                  0.01    0.00    2.53 v _27080_/A3 (NOR3_X1)
     1    3.96    0.04    0.07    2.60 ^ _27080_/ZN (NOR3_X1)
                                         _03764_ (net)
                  0.04    0.00    2.60 ^ _27081_/A4 (NAND4_X2)
     3    8.32    0.03    0.05    2.64 v _27081_/ZN (NAND4_X2)
                                         _03765_ (net)
                  0.03    0.00    2.64 v _27082_/B (XOR2_X2)
     6   14.87    0.02    0.07    2.72 v _27082_/Z (XOR2_X2)
                                         _03766_ (net)
                  0.02    0.00    2.72 v _27096_/A (INV_X4)
     7   15.19    0.01    0.02    2.74 ^ _27096_/ZN (INV_X4)
                                         _21972_ (net)
                  0.01    0.00    2.74 ^ _41835_/B (HA_X1)
     2    5.95    0.02    0.04    2.79 ^ _41835_/CO (HA_X1)
                                         _21973_ (net)
                  0.02    0.00    2.79 ^ _41838_/B (HA_X1)
     2    3.95    0.01    0.04    2.82 ^ _41838_/CO (HA_X1)
                                         _21981_ (net)
                  0.01    0.00    2.82 ^ _27197_/A1 (NAND3_X1)
     1    4.79    0.02    0.03    2.85 v _27197_/ZN (NAND3_X1)
                                         _03863_ (net)
                  0.02    0.00    2.85 v _27198_/B (XOR2_X2)
     3    4.95    0.01    0.06    2.91 v _27198_/Z (XOR2_X2)
                                         _03864_ (net)
                  0.01    0.00    2.91 v _27199_/S (MUX2_X1)
     1    1.64    0.01    0.05    2.97 ^ _27199_/Z (MUX2_X1)
                                         _03865_ (net)
                  0.01    0.00    2.97 ^ _27200_/B2 (OAI22_X1)
     1    1.82    0.01    0.02    2.99 v _27200_/ZN (OAI22_X1)
                                         _03866_ (net)
                  0.01    0.00    2.99 v _27205_/A (AOI21_X1)
     1    1.81    0.02    0.04    3.03 ^ _27205_/ZN (AOI21_X1)
                                         _00117_ (net)
                  0.02    0.00    3.03 ^ g_reduce0[8].adder.x[14]$_DFF_PN0_/D (DFFR_X1)
                                  3.03   data arrival time

                          3.00    3.00   clock clk (rise edge)
                          0.15    3.15   clock source latency
     1   24.91    0.00    0.00    3.15 ^ clk (in)
                                         clk (net)
                  0.00    0.00    3.15 ^ clkbuf_0_clk/A (CLKBUF_X3)
    16   91.00    0.07    0.10    3.25 ^ clkbuf_0_clk/Z (CLKBUF_X3)
                                         clknet_0_clk (net)
                  0.07    0.00    3.25 ^ clkbuf_4_9_0_clk/A (CLKBUF_X3)
    11   32.41    0.03    0.07    3.33 ^ clkbuf_4_9_0_clk/Z (CLKBUF_X3)
                                         clknet_4_9_0_clk (net)
                  0.03    0.00    3.33 ^ clkbuf_leaf_24_clk/A (CLKBUF_X3)
     8   10.04    0.01    0.04    3.37 ^ clkbuf_leaf_24_clk/Z (CLKBUF_X3)
                                         clknet_leaf_24_clk (net)
                  0.01    0.00    3.37 ^ g_reduce0[8].adder.x[14]$_DFF_PN0_/CK (DFFR_X1)
                         -0.01    3.35   clock uncertainty
                          0.00    3.35   clock reconvergence pessimism
                         -0.04    3.32   library setup time
                                  3.32   data required time
-----------------------------------------------------------------------------
                                  3.32   data required time
                                 -3.03   data arrival time
-----------------------------------------------------------------------------
                                  0.29   slack (MET)



==========================================================================
cts final report_check_types -max_slew -max_cap -max_fanout -violators
--------------------------------------------------------------------------
max capacitance

Pin                                    Limit     Cap   Slack
------------------------------------------------------------
rst                                     6.00   27.02  -21.02 (VIOLATED)
clk                                     6.00   24.91  -18.91 (VIOLATED)


==========================================================================
cts final max_slew_check_slack
--------------------------------------------------------------------------
0.07761512696743011

==========================================================================
cts final max_slew_check_limit
--------------------------------------------------------------------------
0.1985349953174591

==========================================================================
cts final max_slew_check_slack_limit
--------------------------------------------------------------------------
0.3909

==========================================================================
cts final max_fanout_check_slack
--------------------------------------------------------------------------
31.0

==========================================================================
cts final max_fanout_check_limit
--------------------------------------------------------------------------
32.0

==========================================================================
cts final max_fanout_check_slack_limit
--------------------------------------------------------------------------
0.9688

==========================================================================
cts final max_capacitance_check_slack
--------------------------------------------------------------------------
-21.02423095703125

==========================================================================
cts final max_capacitance_check_limit
--------------------------------------------------------------------------
6.0

==========================================================================
cts final max_capacitance_check_slack_limit
--------------------------------------------------------------------------
-3.5040

==========================================================================
cts final max_slew_violation_count
--------------------------------------------------------------------------
max slew violation count 0

==========================================================================
cts final max_fanout_violation_count
--------------------------------------------------------------------------
max fanout violation count 0

==========================================================================
cts final max_cap_violation_count
--------------------------------------------------------------------------
max cap violation count 2

==========================================================================
cts final setup_violation_count
--------------------------------------------------------------------------
setup violation count 0

==========================================================================
cts final hold_violation_count
--------------------------------------------------------------------------
hold violation count 0

==========================================================================
cts final report_checks -path_delay max reg to reg
--------------------------------------------------------------------------
Startpoint: g_row[2].g_col[1].mult.x[12]$_DFF_PN0_
            (rising edge-triggered flip-flop clocked by clk)
Endpoint: g_reduce0[8].adder.x[14]$_DFF_PN0_
          (rising edge-triggered flip-flop clocked by clk)
Path Group: clk
Path Type: max

  Delay    Time   Description
---------------------------------------------------------
   0.00    0.00   clock clk (rise edge)
   0.15    0.15   clock source latency
   0.00    0.15 ^ clk (in)
   0.10    0.25 ^ clkbuf_0_clk/Z (CLKBUF_X3)
   0.08    0.33 ^ clkbuf_4_9_0_clk/Z (CLKBUF_X3)
   0.04    0.37 ^ clkbuf_leaf_28_clk/Z (CLKBUF_X3)
   0.00    0.37 ^ g_row[2].g_col[1].mult.x[12]$_DFF_PN0_/CK (DFFR_X2)
   0.15    0.52 ^ g_row[2].g_col[1].mult.x[12]$_DFF_PN0_/Q (DFFR_X2)
   0.05    0.57 ^ _41796_/S (HA_X1)
   0.05    0.62 ^ _26485_/Z (CLKBUF_X3)
   0.04    0.66 v _26513_/ZN (NAND4_X2)
   0.09    0.75 ^ _26514_/ZN (NOR4_X4)
   0.05    0.79 ^ _26527_/ZN (AND2_X1)
   0.03    0.83 ^ _26528_/Z (BUF_X4)
   0.02    0.84 v _26529_/ZN (NOR2_X4)
   0.05    0.89 v _26562_/Z (CLKBUF_X3)
   0.05    0.94 v _38980_/Z (CLKBUF_X3)
   0.05    1.00 ^ _39226_/ZN (NOR3_X1)
   0.02    1.02 v _39227_/ZN (AOI21_X1)
   0.04    1.06 v _41808_/CO (HA_X1)
   0.04    1.10 ^ _26581_/ZN (NOR2_X1)
   0.07    1.17 ^ _26586_/ZN (AND3_X1)
   0.03    1.20 v _26587_/ZN (OAI21_X1)
   0.03    1.23 ^ _26588_/ZN (NAND2_X2)
   0.05    1.27 ^ _26589_/Z (CLKBUF_X3)
   0.06    1.33 v _26614_/Z (MUX2_X1)
   0.06    1.39 v _26617_/Z (MUX2_X1)
   0.06    1.45 v _26618_/ZN (OR2_X1)
   0.03    1.48 ^ _26619_/ZN (INV_X1)
   0.05    1.53 ^ _41810_/S (HA_X1)
   0.02    1.56 v _26676_/ZN (AOI21_X1)
   0.04    1.60 ^ _26677_/ZN (OAI21_X2)
   0.05    1.64 ^ _26678_/ZN (AND2_X1)
   0.04    1.68 v _26687_/ZN (OAI221_X2)
   0.07    1.75 ^ _26752_/ZN (NOR3_X2)
   0.02    1.76 v _26753_/ZN (NOR3_X4)
   0.08    1.85 ^ _26754_/ZN (XNOR2_X2)
   0.04    1.88 v _26781_/ZN (OAI21_X4)
   0.05    1.93 ^ _26799_/ZN (NOR2_X2)
   0.02    1.95 v _26803_/ZN (NAND2_X1)
   0.06    2.01 v _26818_/Z (MUX2_X2)
   0.03    2.05 ^ _26819_/ZN (NAND2_X2)
   0.03    2.07 v _26820_/ZN (NAND2_X2)
   0.03    2.10 ^ _26821_/ZN (INV_X2)
   0.05    2.15 ^ _41832_/CO (HA_X1)
   0.02    2.17 v _26834_/ZN (NOR2_X1)
   0.02    2.19 ^ _26840_/ZN (OAI211_X2)
   0.02    2.21 v _26841_/ZN (OAI21_X1)
   0.09    2.30 v _26842_/ZN (OR3_X2)
   0.05    2.35 ^ _26934_/ZN (OAI21_X2)
   0.02    2.37 v _27075_/ZN (AOI211_X2)
   0.12    2.48 v _27078_/ZN (OR4_X1)
   0.05    2.53 v _27079_/ZN (AND4_X1)
   0.07    2.60 ^ _27080_/ZN (NOR3_X1)
   0.05    2.64 v _27081_/ZN (NAND4_X2)
   0.07    2.72 v _27082_/Z (XOR2_X2)
   0.02    2.74 ^ _27096_/ZN (INV_X4)
   0.04    2.79 ^ _41835_/CO (HA_X1)
   0.04    2.82 ^ _41838_/CO (HA_X1)
   0.03    2.85 v _27197_/ZN (NAND3_X1)
   0.06    2.91 v _27198_/Z (XOR2_X2)
   0.05    2.97 ^ _27199_/Z (MUX2_X1)
   0.02    2.99 v _27200_/ZN (OAI22_X1)
   0.04    3.03 ^ _27205_/ZN (AOI21_X1)
   0.00    3.03 ^ g_reduce0[8].adder.x[14]$_DFF_PN0_/D (DFFR_X1)
           3.03   data arrival time

   3.00    3.00   clock clk (rise edge)
   0.15    3.15   clock source latency
   0.00    3.15 ^ clk (in)
   0.10    3.25 ^ clkbuf_0_clk/Z (CLKBUF_X3)
   0.08    3.33 ^ clkbuf_4_9_0_clk/Z (CLKBUF_X3)
   0.04    3.37 ^ clkbuf_leaf_24_clk/Z (CLKBUF_X3)
   0.00    3.37 ^ g_reduce0[8].adder.x[14]$_DFF_PN0_/CK (DFFR_X1)
  -0.01    3.35   clock uncertainty
   0.00    3.35   clock reconvergence pessimism
  -0.04    3.32   library setup time
           3.32   data required time
---------------------------------------------------------
           3.32   data required time
          -3.03   data arrival time
---------------------------------------------------------
           0.29   slack (MET)



==========================================================================
cts final report_checks -path_delay min reg to reg
--------------------------------------------------------------------------
Startpoint: g_row[1].g_col[3].mult.stage1.sign$_DFF_PN0_
            (rising edge-triggered flip-flop clocked by clk)
Endpoint: g_row[1].g_col[3].mult.x[15]$_DFF_PN0_
          (rising edge-triggered flip-flop clocked by clk)
Path Group: clk
Path Type: min

  Delay    Time   Description
---------------------------------------------------------
   0.00    0.00   clock clk (rise edge)
   0.15    0.15   clock source latency
   0.00    0.15 ^ clk (in)
   0.10    0.25 ^ clkbuf_0_clk/Z (CLKBUF_X3)
   0.08    0.33 ^ clkbuf_4_13_0_clk/Z (CLKBUF_X3)
   0.04    0.37 ^ clkbuf_leaf_105_clk/Z (CLKBUF_X3)
   0.00    0.37 ^ g_row[1].g_col[3].mult.stage1.sign$_DFF_PN0_/CK (DFFR_X1)
   0.09    0.47 v g_row[1].g_col[3].mult.stage1.sign$_DFF_PN0_/Q (DFFR_X1)
   0.00    0.47 v g_row[1].g_col[3].mult.x[15]$_DFF_PN0_/D (DFFR_X2)
           0.47   data arrival time

   0.00    0.00   clock clk (rise edge)
   0.15    0.15   clock source latency
   0.00    0.15 ^ clk (in)
   0.10    0.25 ^ clkbuf_0_clk/Z (CLKBUF_X3)
   0.09    0.34 ^ clkbuf_4_15_0_clk/Z (CLKBUF_X3)
   0.05    0.38 ^ clkbuf_leaf_100_clk/Z (CLKBUF_X3)
   0.00    0.38 ^ g_row[1].g_col[3].mult.x[15]$_DFF_PN0_/CK (DFFR_X2)
   0.01    0.40   clock uncertainty
   0.00    0.40   clock reconvergence pessimism
   0.00    0.40   library hold time
           0.40   data required time
---------------------------------------------------------
           0.40   data required time
          -0.47   data arrival time
---------------------------------------------------------
           0.07   slack (MET)



==========================================================================
cts final critical path target clock latency max path
--------------------------------------------------------------------------
0.3741

==========================================================================
cts final critical path target clock latency min path
--------------------------------------------------------------------------
0

==========================================================================
cts final critical path source clock latency min path
--------------------------------------------------------------------------
0

==========================================================================
cts final critical path delay
--------------------------------------------------------------------------
3.0287

==========================================================================
cts final critical path slack
--------------------------------------------------------------------------
0.2902

==========================================================================
cts final slack div critical path delay
--------------------------------------------------------------------------
9.581669

==========================================================================
cts final report_power
--------------------------------------------------------------------------
Group                  Internal  Switching    Leakage      Total
                          Power      Power      Power      Power (Watts)
----------------------------------------------------------------
Sequential             5.97e-03   1.31e-03   1.12e-04   7.39e-03   3.9%
Combinational          8.99e-02   9.06e-02   7.61e-04   1.81e-01  95.1%
Clock                  8.95e-04   1.03e-03   9.73e-06   1.93e-03   1.0%
Macro                  0.00e+00   0.00e+00   0.00e+00   0.00e+00   0.0%
Pad                    0.00e+00   0.00e+00   0.00e+00   0.00e+00   0.0%
----------------------------------------------------------------
Total                  9.68e-02   9.30e-02   8.82e-04   1.91e-01 100.0%
                          50.8%      48.8%       0.5%
